Component: ARM Compiler 6.12 Tool: armlink [5d624300]

==============================================================================

Section Cross References

    startup_stm32f103xb.o(STACK) refers (Special) to heapauxi.o(.text) for __use_two_region_memory
    startup_stm32f103xb.o(HEAP) refers (Special) to heapauxi.o(.text) for __use_two_region_memory
    startup_stm32f103xb.o(RESET) refers (Special) to heapauxi.o(.text) for __use_two_region_memory
    startup_stm32f103xb.o(RESET) refers to startup_stm32f103xb.o(STACK) for __initial_sp
    startup_stm32f103xb.o(RESET) refers to startup_stm32f103xb.o(.text) for Reset_Handler
    startup_stm32f103xb.o(RESET) refers to stm32f1xx_it.o(.text.NMI_Handler) for NMI_Handler
    startup_stm32f103xb.o(RESET) refers to stm32f1xx_it.o(.text.HardFault_Handler) for HardFault_Handler
    startup_stm32f103xb.o(RESET) refers to stm32f1xx_it.o(.text.MemManage_Handler) for MemManage_Handler
    startup_stm32f103xb.o(RESET) refers to stm32f1xx_it.o(.text.BusFault_Handler) for BusFault_Handler
    startup_stm32f103xb.o(RESET) refers to stm32f1xx_it.o(.text.UsageFault_Handler) for UsageFault_Handler
    startup_stm32f103xb.o(RESET) refers to stm32f1xx_it.o(.text.SVC_Handler) for SVC_Handler
    startup_stm32f103xb.o(RESET) refers to stm32f1xx_it.o(.text.DebugMon_Handler) for DebugMon_Handler
    startup_stm32f103xb.o(RESET) refers to stm32f1xx_it.o(.text.PendSV_Handler) for PendSV_Handler
    startup_stm32f103xb.o(RESET) refers to stm32f1xx_it.o(.text.SysTick_Handler) for SysTick_Handler
    startup_stm32f103xb.o(RESET) refers to stm32f1xx_it.o(.text.EXTI2_IRQHandler) for EXTI2_IRQHandler
    startup_stm32f103xb.o(RESET) refers to stm32f1xx_it.o(.text.EXTI3_IRQHandler) for EXTI3_IRQHandler
    startup_stm32f103xb.o(RESET) refers to stm32f1xx_it.o(.text.EXTI4_IRQHandler) for EXTI4_IRQHandler
    startup_stm32f103xb.o(RESET) refers to stm32f1xx_it.o(.text.EXTI9_5_IRQHandler) for EXTI9_5_IRQHandler
    startup_stm32f103xb.o(RESET) refers to stm32f1xx_it.o(.text.TIM3_IRQHandler) for TIM3_IRQHandler
    startup_stm32f103xb.o(.text) refers (Special) to heapauxi.o(.text) for __use_two_region_memory
    startup_stm32f103xb.o(.text) refers to system_stm32f1xx.o(.text.SystemInit) for SystemInit
    startup_stm32f103xb.o(.text) refers to __main.o(!!!main) for __main
    startup_stm32f103xb.o(.text) refers to startup_stm32f103xb.o(HEAP) for Heap_Mem
    startup_stm32f103xb.o(.text) refers to startup_stm32f103xb.o(STACK) for Stack_Mem
    main.o(.text.HAL_TIM_PeriodElapsedCallback) refers to main.o(.bss.timer_flag) for timer_flag
    main.o(.ARM.exidx.text.HAL_TIM_PeriodElapsedCallback) refers to main.o(.text.HAL_TIM_PeriodElapsedCallback) for [Anonymous Symbol]
    main.o(.text.HAL_GPIO_EXTI_Callback) refers to main.o(.bss.snake) for snake
    main.o(.ARM.exidx.text.HAL_GPIO_EXTI_Callback) refers to main.o(.text.HAL_GPIO_EXTI_Callback) for [Anonymous Symbol]
    main.o(.text.main) refers to stm32f1xx_hal.o(.text.HAL_Init) for HAL_Init
    main.o(.text.main) refers to main.o(.text.SystemClock_Config) for SystemClock_Config
    main.o(.text.main) refers to gpio.o(.text.MX_GPIO_Init) for MX_GPIO_Init
    main.o(.text.main) refers to i2c.o(.text.MX_I2C2_Init) for MX_I2C2_Init
    main.o(.text.main) refers to tim.o(.text.MX_TIM3_Init) for MX_TIM3_Init
    main.o(.text.main) refers to ssd1306.o(.text.ssd1306_I2C_Init) for ssd1306_I2C_Init
    main.o(.text.main) refers to ssd1306.o(.text.SSD1306_DrawFilledCircle) for SSD1306_DrawFilledCircle
    main.o(.text.main) refers to ssd1306.o(.text.SSD1306_UpdateScreen) for SSD1306_UpdateScreen
    main.o(.text.main) refers to snake.o(.text.information) for information
    main.o(.text.main) refers to snake.o(.text.game_init) for game_init
    main.o(.text.main) refers to snake.o(.text.setting) for setting
    main.o(.text.main) refers to snake.o(.text.gameover) for gameover
    main.o(.text.main) refers to snake.o(.text.menu) for menu
    main.o(.text.main) refers to main.o(.bss.game_state) for game_state
    main.o(.ARM.exidx.text.main) refers to main.o(.text.main) for [Anonymous Symbol]
    main.o(.text.SystemClock_Config) refers to stm32f1xx_hal_rcc.o(.text.HAL_RCC_OscConfig) for HAL_RCC_OscConfig
    main.o(.text.SystemClock_Config) refers to stm32f1xx_hal_rcc.o(.text.HAL_RCC_ClockConfig) for HAL_RCC_ClockConfig
    main.o(.ARM.exidx.text.SystemClock_Config) refers to main.o(.text.SystemClock_Config) for [Anonymous Symbol]
    main.o(.ARM.exidx.text.Error_Handler) refers to main.o(.text.Error_Handler) for [Anonymous Symbol]
    gpio.o(.text.MX_GPIO_Init) refers to stm32f1xx_hal_gpio.o(.text.HAL_GPIO_WritePin) for HAL_GPIO_WritePin
    gpio.o(.text.MX_GPIO_Init) refers to stm32f1xx_hal_gpio.o(.text.HAL_GPIO_Init) for HAL_GPIO_Init
    gpio.o(.text.MX_GPIO_Init) refers to stm32f1xx_hal_cortex.o(.text.HAL_NVIC_SetPriority) for HAL_NVIC_SetPriority
[...]
    Removing stm32f1xx_hal_tim.o(.text.HAL_TIM_DMABurst_ReadStart), (26 bytes).
    Removing stm32f1xx_hal_tim.o(.ARM.exidx.text.HAL_TIM_DMABurst_ReadStart), (8 bytes).
    Removing stm32f1xx_hal_tim.o(.text.HAL_TIM_DMABurst_MultiReadStart), (328 bytes).
    Removing stm32f1xx_hal_tim.o(.ARM.exidx.text.HAL_TIM_DMABurst_MultiReadStart), (8 bytes).
    Removing stm32f1xx_hal_tim.o(.text.HAL_TIM_DMABurst_ReadStop), (96 bytes).
    Removing stm32f1xx_hal_tim.o(.ARM.exidx.text.HAL_TIM_DMABurst_ReadStop), (8 bytes).
    Removing stm32f1xx_hal_tim.o(.text.HAL_TIM_GenerateEvent), (34 bytes).
    Removing stm32f1xx_hal_tim.o(.ARM.exidx.text.HAL_TIM_GenerateEvent), (8 bytes).
    Removing stm32f1xx_hal_tim.o(.text.HAL_TIM_ConfigOCrefClear), (212 bytes).
    Removing stm32f1xx_hal_tim.o(.ARM.exidx.text.HAL_TIM_ConfigOCrefClear), (8 bytes).
    Removing stm32f1xx_hal_tim.o(.text.TIM_ETR_SetConfig), (18 bytes).
    Removing stm32f1xx_hal_tim.o(.ARM.exidx.text.TIM_ETR_SetConfig), (8 bytes).
    Removing stm32f1xx_hal_tim.o(.ARM.exidx.text.HAL_TIM_ConfigClockSource), (8 bytes).
    Removing stm32f1xx_hal_tim.o(.ARM.exidx.text.TIM_TI1_ConfigInputStage), (8 bytes).
    Removing stm32f1xx_hal_tim.o(.ARM.exidx.text.TIM_TI2_ConfigInputStage), (8 bytes).
    Removing stm32f1xx_hal_tim.o(.text.HAL_TIM_ConfigTI1Input), (16 bytes).
    Removing stm32f1xx_hal_tim.o(.ARM.exidx.text.HAL_TIM_ConfigTI1Input), (8 bytes).
    Removing stm32f1xx_hal_tim.o(.text.HAL_TIM_SlaveConfigSynchro), (72 bytes).
    Removing stm32f1xx_hal_tim.o(.ARM.exidx.text.HAL_TIM_SlaveConfigSynchro), (8 bytes).
    Removing stm32f1xx_hal_tim.o(.text.TIM_SlaveTimer_SetConfig), (136 bytes).
    Removing stm32f1xx_hal_tim.o(.ARM.exidx.text.TIM_SlaveTimer_SetConfig), (8 bytes).
    Removing stm32f1xx_hal_tim.o(.text.HAL_TIM_SlaveConfigSynchro_IT), (72 bytes).
    Removing stm32f1xx_hal_tim.o(.ARM.exidx.text.HAL_TIM_SlaveConfigSynchro_IT), (8 bytes).
    Removing stm32f1xx_hal_tim.o(.text.HAL_TIM_ReadCapturedValue), (46 bytes).
    Removing stm32f1xx_hal_tim.o(.ARM.exidx.text.HAL_TIM_ReadCapturedValue), (8 bytes).
    Removing stm32f1xx_hal_tim.o(.text.HAL_TIM_PeriodElapsedHalfCpltCallback), (2 bytes).
    Removing stm32f1xx_hal_tim.o(.ARM.exidx.text.HAL_TIM_PeriodElapsedHalfCpltCallback), (8 bytes).
    Removing stm32f1xx_hal_tim.o(.text.HAL_TIM_IC_CaptureHalfCpltCallback), (2 bytes).
    Removing stm32f1xx_hal_tim.o(.ARM.exidx.text.HAL_TIM_IC_CaptureHalfCpltCallback), (8 bytes).
    Removing stm32f1xx_hal_tim.o(.text.HAL_TIM_PWM_PulseFinishedHalfCpltCallback), (2 bytes).
    Removing stm32f1xx_hal_tim.o(.ARM.exidx.text.HAL_TIM_PWM_PulseFinishedHalfCpltCallback), (8 bytes).
    Removing stm32f1xx_hal_tim.o(.text.HAL_TIM_TriggerHalfCpltCallback), (2 bytes).
    Removing stm32f1xx_hal_tim.o(.ARM.exidx.text.HAL_TIM_TriggerHalfCpltCallback), (8 bytes).
    Removing stm32f1xx_hal_tim.o(.text.HAL_TIM_ErrorCallback), (2 bytes).
    Removing stm32f1xx_hal_tim.o(.ARM.exidx.text.HAL_TIM_ErrorCallback), (8 bytes).
    Removing stm32f1xx_hal_tim.o(.text.HAL_TIM_Base_GetState), (6 bytes).
    Removing stm32f1xx_hal_tim.o(.ARM.exidx.text.HAL_TIM_Base_GetState), (8 bytes).
    Removing stm32f1xx_hal_tim.o(.text.HAL_TIM_OC_GetState), (6 bytes).
    Removing stm32f1xx_hal_tim.o(.ARM.exidx.text.HAL_TIM_OC_GetState), (8 bytes).
    Removing stm32f1xx_hal_tim.o(.text.HAL_TIM_PWM_GetState), (6 bytes).
    Removing stm32f1xx_hal_tim.o(.ARM.exidx.text.HAL_TIM_PWM_GetState), (8 bytes).
    Removing stm32f1xx_hal_tim.o(.text.HAL_TIM_IC_GetState), (6 bytes).
    Removing stm32f1xx_hal_tim.o(.ARM.exidx.text.HAL_TIM_IC_GetState), (8 bytes).
    Removing stm32f1xx_hal_tim.o(.text.HAL_TIM_OnePulse_GetState), (6 bytes).
    Removing stm32f1xx_hal_tim.o(.ARM.exidx.text.HAL_TIM_OnePulse_GetState), (8 bytes).
    Removing stm32f1xx_hal_tim.o(.text.HAL_TIM_Encoder_GetState), (6 bytes).
    Removing stm32f1xx_hal_tim.o(.ARM.exidx.text.HAL_TIM_Encoder_GetState), (8 bytes).
    Removing stm32f1xx_hal_tim.o(.text.HAL_TIM_GetActiveChannel), (4 bytes).
    Removing stm32f1xx_hal_tim.o(.ARM.exidx.text.HAL_TIM_GetActiveChannel), (8 bytes).
    Removing stm32f1xx_hal_tim.o(.text.HAL_TIM_GetChannelState), (28 bytes).
    Removing stm32f1xx_hal_tim.o(.ARM.exidx.text.HAL_TIM_GetChannelState), (8 bytes).
    Removing stm32f1xx_hal_tim.o(.text.HAL_TIM_DMABurstState), (6 bytes).
    Removing stm32f1xx_hal_tim.o(.ARM.exidx.text.HAL_TIM_DMABurstState), (8 bytes).
    Removing stm32f1xx_hal_tim_ex.o(.text), (0 bytes).
    Removing stm32f1xx_hal_tim_ex.o(.text.HAL_TIMEx_HallSensor_Init), (194 bytes).
    Removing stm32f1xx_hal_tim_ex.o(.ARM.exidx.text.HAL_TIMEx_HallSensor_Init), (8 bytes).
    Removing stm32f1xx_hal_tim_ex.o(.text.HAL_TIMEx_HallSensor_MspInit), (2 bytes).
    Removing stm32f1xx_hal_tim_ex.o(.ARM.exidx.text.HAL_TIMEx_HallSensor_MspInit), (8 bytes).
    Removing stm32f1xx_hal_tim_ex.o(.text.HAL_TIMEx_HallSensor_DeInit), (80 bytes).
    Removing stm32f1xx_hal_tim_ex.o(.ARM.exidx.text.HAL_TIMEx_HallSensor_DeInit), (8 bytes).
    Removing stm32f1xx_hal_tim_ex.o(.text.HAL_TIMEx_HallSensor_MspDeInit), (2 bytes).
    Removing stm32f1xx_hal_tim_ex.o(.ARM.exidx.text.HAL_TIMEx_HallSensor_MspDeInit), (8 bytes).
    Removing stm32f1xx_hal_tim_ex.o(.text.HAL_TIMEx_HallSensor_Start), (132 bytes).
    Removing stm32f1xx_hal_tim_ex.o(.ARM.exidx.text.HAL_TIMEx_HallSensor_Start), (8 bytes).
    Removing stm32f1xx_hal_tim_ex.o(.text.HAL_TIMEx_HallSensor_Stop), (66 bytes).
    Removing stm32f1xx_hal_tim_ex.o(.ARM.exidx.text.HAL_TIMEx_HallSensor_Stop), (8 bytes).
    Removing stm32f1xx_hal_tim_ex.o(.text.HAL_TIMEx_HallSensor_Start_IT), (140 bytes).
    Removing stm32f1xx_hal_tim_ex.o(.ARM.exidx.text.HAL_TIMEx_HallSensor_Start_IT), (8 bytes).
    Removing stm32f1xx_hal_tim_ex.o(.text.HAL_TIMEx_HallSensor_Stop_IT), (74 bytes).
    Removing stm32f1xx_hal_tim_ex.o(.ARM.exidx.text.HAL_TIMEx_HallSensor_Stop_IT), (8 bytes).
    Removing stm32f1xx_hal_tim_ex.o(.text.HAL_TIMEx_HallSensor_Start_DMA), (192 bytes).
    Removing stm32f1xx_hal_tim_ex.o(.ARM.exidx.text.HAL_TIMEx_HallSensor_Start_DMA), (8 bytes).
    Removing stm32f1xx_hal_tim_ex.o(.text.HAL_TIMEx_HallSensor_Stop_DMA), (74 bytes).
    Removing stm32f1xx_hal_tim_ex.o(.ARM.exidx.text.HAL_TIMEx_HallSensor_Stop_DMA), (8 bytes).
    Removing stm32f1xx_hal_tim_ex.o(.text.HAL_TIMEx_OCN_Start), (152 bytes).
    Removing stm32f1xx_hal_tim_ex.o(.ARM.exidx.text.HAL_TIMEx_OCN_Start), (8 bytes).
    Removing stm32f1xx_hal_tim_ex.o(.text.TIM_CCxNChannelCmd), (30 bytes).
    Removing stm32f1xx_hal_tim_ex.o(.ARM.exidx.text.TIM_CCxNChannelCmd), (8 bytes).
    Removing stm32f1xx_hal_tim_ex.o(.text.HAL_TIMEx_OCN_Stop), (106 bytes).
    Removing stm32f1xx_hal_tim_ex.o(.ARM.exidx.text.HAL_TIMEx_OCN_Stop), (8 bytes).
    Removing stm32f1xx_hal_tim_ex.o(.text.HAL_TIMEx_OCN_Start_IT), (188 bytes).
    Removing stm32f1xx_hal_tim_ex.o(.ARM.exidx.text.HAL_TIMEx_OCN_Start_IT), (8 bytes).
    Removing stm32f1xx_hal_tim_ex.o(.text.HAL_TIMEx_OCN_Stop_IT), (168 bytes).
    Removing stm32f1xx_hal_tim_ex.o(.ARM.exidx.text.HAL_TIMEx_OCN_Stop_IT), (8 bytes).
    Removing stm32f1xx_hal_tim_ex.o(.text.HAL_TIMEx_OCN_Start_DMA), (356 bytes).
    Removing stm32f1xx_hal_tim_ex.o(.ARM.exidx.text.HAL_TIMEx_OCN_Start_DMA), (8 bytes).
    Removing stm32f1xx_hal_tim_ex.o(.text.TIM_DMADelayPulseNCplt), (100 bytes).
    Removing stm32f1xx_hal_tim_ex.o(.ARM.exidx.text.TIM_DMADelayPulseNCplt), (8 bytes).
    Removing stm32f1xx_hal_tim_ex.o(.text.TIM_DMAErrorCCxN), (62 bytes).
    Removing stm32f1xx_hal_tim_ex.o(.ARM.exidx.text.TIM_DMAErrorCCxN), (8 bytes).
    Removing stm32f1xx_hal_tim_ex.o(.text.HAL_TIMEx_OCN_Stop_DMA), (162 bytes).
    Removing stm32f1xx_hal_tim_ex.o(.ARM.exidx.text.HAL_TIMEx_OCN_Stop_DMA), (8 bytes).
    Removing stm32f1xx_hal_tim_ex.o(.text.HAL_TIMEx_PWMN_Start), (152 bytes).
    Removing stm32f1xx_hal_tim_ex.o(.ARM.exidx.text.HAL_TIMEx_PWMN_Start), (8 bytes).
    Removing stm32f1xx_hal_tim_ex.o(.text.HAL_TIMEx_PWMN_Stop), (106 bytes).
    Removing stm32f1xx_hal_tim_ex.o(.ARM.exidx.text.HAL_TIMEx_PWMN_Stop), (8 bytes).
    Removing stm32f1xx_hal_tim_ex.o(.text.HAL_TIMEx_PWMN_Start_IT), (188 bytes).
    Removing stm32f1xx_hal_tim_ex.o(.ARM.exidx.text.HAL_TIMEx_PWMN_Start_IT), (8 bytes).
    Removing stm32f1xx_hal_tim_ex.o(.text.HAL_TIMEx_PWMN_Stop_IT), (168 bytes).
    Removing stm32f1xx_hal_tim_ex.o(.ARM.exidx.text.HAL_TIMEx_PWMN_Stop_IT), (8 bytes).
    Removing stm32f1xx_hal_tim_ex.o(.text.HAL_TIMEx_PWMN_Start_DMA), (356 bytes).
    Removing stm32f1xx_hal_tim_ex.o(.ARM.exidx.text.HAL_TIMEx_PWMN_Start_DMA), (8 bytes).
    Removing stm32f1xx_hal_tim_ex.o(.text.HAL_TIMEx_PWMN_Stop_DMA), (162 bytes).
    Removing stm32f1xx_hal_tim_ex.o(.ARM.exidx.text.HAL_TIMEx_PWMN_Stop_DMA), (8 bytes).
    Removing stm32f1xx_hal_tim_ex.o(.text.HAL_TIMEx_OnePulseN_Start), (100 bytes).
    Removing stm32f1xx_hal_tim_ex.o(.ARM.exidx.text.HAL_TIMEx_OnePulseN_Start), (8 bytes).
    Removing stm32f1xx_hal_tim_ex.o(.text.HAL_TIMEx_OnePulseN_Stop), (106 bytes).
    Removing stm32f1xx_hal_tim_ex.o(.ARM.exidx.text.HAL_TIMEx_OnePulseN_Stop), (8 bytes).
    Removing stm32f1xx_hal_tim_ex.o(.text.HAL_TIMEx_OnePulseN_Start_IT), (116 bytes).
    Removing stm32f1xx_hal_tim_ex.o(.ARM.exidx.text.HAL_TIMEx_OnePulseN_Start_IT), (8 bytes).
    Removing stm32f1xx_hal_tim_ex.o(.text.HAL_TIMEx_OnePulseN_Stop_IT), (124 bytes).
    Removing stm32f1xx_hal_tim_ex.o(.ARM.exidx.text.HAL_TIMEx_OnePulseN_Stop_IT), (8 bytes).
    Removing stm32f1xx_hal_tim_ex.o(.text.HAL_TIMEx_ConfigCommutEvent), (120 bytes).
    Removing stm32f1xx_hal_tim_ex.o(.ARM.exidx.text.HAL_TIMEx_ConfigCommutEvent), (8 bytes).
    Removing stm32f1xx_hal_tim_ex.o(.text.HAL_TIMEx_ConfigCommutEvent_IT), (120 bytes).
    Removing stm32f1xx_hal_tim_ex.o(.ARM.exidx.text.HAL_TIMEx_ConfigCommutEvent_IT), (8 bytes).
    Removing stm32f1xx_hal_tim_ex.o(.text.HAL_TIMEx_ConfigCommutEvent_DMA), (152 bytes).
    Removing stm32f1xx_hal_tim_ex.o(.ARM.exidx.text.HAL_TIMEx_ConfigCommutEvent_DMA), (8 bytes).
    Removing stm32f1xx_hal_tim_ex.o(.text.TIMEx_DMACommutationCplt), (12 bytes).
    Removing stm32f1xx_hal_tim_ex.o(.ARM.exidx.text.TIMEx_DMACommutationCplt), (8 bytes).
    Removing stm32f1xx_hal_tim_ex.o(.text.TIMEx_DMACommutationHalfCplt), (12 bytes).
    Removing stm32f1xx_hal_tim_ex.o(.ARM.exidx.text.TIMEx_DMACommutationHalfCplt), (8 bytes).
    Removing stm32f1xx_hal_tim_ex.o(.ARM.exidx.text.HAL_TIMEx_MasterConfigSynchronization), (8 bytes).
    Removing stm32f1xx_hal_tim_ex.o(.text.HAL_TIMEx_ConfigBreakDeadTime), (80 bytes).
    Removing stm32f1xx_hal_tim_ex.o(.ARM.exidx.text.HAL_TIMEx_ConfigBreakDeadTime), (8 bytes).
    Removing stm32f1xx_hal_tim_ex.o(.text.HAL_TIMEx_RemapConfig), (4 bytes).
    Removing stm32f1xx_hal_tim_ex.o(.ARM.exidx.text.HAL_TIMEx_RemapConfig), (8 bytes).
    Removing stm32f1xx_hal_tim_ex.o(.ARM.exidx.text.HAL_TIMEx_CommutCallback), (8 bytes).
    Removing stm32f1xx_hal_tim_ex.o(.text.HAL_TIMEx_CommutHalfCpltCallback), (2 bytes).
    Removing stm32f1xx_hal_tim_ex.o(.ARM.exidx.text.HAL_TIMEx_CommutHalfCpltCallback), (8 bytes).
    Removing stm32f1xx_hal_tim_ex.o(.ARM.exidx.text.HAL_TIMEx_BreakCallback), (8 bytes).
    Removing stm32f1xx_hal_tim_ex.o(.text.HAL_TIMEx_HallSensor_GetState), (6 bytes).
    Removing stm32f1xx_hal_tim_ex.o(.ARM.exidx.text.HAL_TIMEx_HallSensor_GetState), (8 bytes).
    Removing stm32f1xx_hal_tim_ex.o(.text.HAL_TIMEx_GetChannelNState), (28 bytes).
    Removing stm32f1xx_hal_tim_ex.o(.ARM.exidx.text.HAL_TIMEx_GetChannelNState), (8 bytes).
    Removing system_stm32f1xx.o(.text), (0 bytes).
    Removing system_stm32f1xx.o(.ARM.exidx.text.SystemInit), (8 bytes).
    Removing system_stm32f1xx.o(.text.SystemCoreClockUpdate), (84 bytes).
    Removing system_stm32f1xx.o(.ARM.exidx.text.SystemCoreClockUpdate), (8 bytes).

828 unused section(s) (total 51644 bytes) removed from the image.

==============================================================================

Image Symbol Table

    Local Symbols

    Symbol Name                              Value     Ov Type        Size  Object(Section)

    ../clib/angel/boardlib.s                 0x00000000   Number         0  boardinit1.o ABSOLUTE
    ../clib/angel/boardlib.s                 0x00000000   Number         0  boardinit2.o ABSOLUTE
    ../clib/angel/boardlib.s                 0x00000000   Number         0  boardinit3.o ABSOLUTE
    ../clib/angel/boardlib.s                 0x00000000   Number         0  boardshut.o ABSOLUTE
    ../clib/angel/handlers.s                 0x00000000   Number         0  __scatter_copy.o ABSOLUTE
    ../clib/angel/handlers.s                 0x00000000   Number         0  __scatter_zi.o ABSOLUTE
    ../clib/angel/kernel.s                   0x00000000   Number         0  __rtentry.o ABSOLUTE
    ../clib/angel/kernel.s                   0x00000000   Number         0  __rtentry2.o ABSOLUTE
    ../clib/angel/kernel.s                   0x00000000   Number         0  __rtentry4.o ABSOLUTE
    ../clib/angel/kernel.s                   0x00000000   Number         0  rtexit.o ABSOLUTE
    ../clib/angel/kernel.s                   0x00000000   Number         0  rtexit2.o ABSOLUTE
    ../clib/angel/rt.s                       0x00000000   Number         0  rt_raise.o ABSOLUTE
    ../clib/angel/scatter.s                  0x00000000   Number         0  __scatter.o ABSOLUTE
    ../clib/angel/startup.s                  0x00000000   Number         0  __main.o ABSOLUTE
    ../clib/angel/sys.s                      0x00000000   Number         0  sys_stackheap_outer.o ABSOLUTE
    ../clib/angel/sys.s                      0x00000000   Number         0  libspace.o ABSOLUTE
    ../clib/angel/sys.s                      0x00000000   Number         0  use_no_semi.o ABSOLUTE
    ../clib/angel/sys.s                      0x00000000   Number         0  indicate_semi.o ABSOLUTE
    ../clib/angel/sysapp.c                   0x00000000   Number         0  sys_command.o ABSOLUTE
    ../clib/angel/sysapp.c                   0x00000000   Number         0  sys_command_hlt.o ABSOLUTE
    ../clib/angel/sysapp.c                   0x00000000   Number         0  sys_exit.o ABSOLUTE
    ../clib/angel/sysapp.c                   0x00000000   Number         0  sys_exit_hlt.o ABSOLUTE
    ../clib/angel/sysapp.c                   0x00000000   Number         0  sys_wrch.o ABSOLUTE
    ../clib/angel/sysapp.c                   0x00000000   Number         0  sys_wrch_hlt.o ABSOLUTE
    ../clib/armsys.c                         0x00000000   Number         0  argv_veneer.o ABSOLUTE
    ../clib/armsys.c                         0x00000000   Number         0  argv_veneer.o ABSOLUTE
    ../clib/armsys.c                         0x00000000   Number         0  _get_argv_nomalloc.o ABSOLUTE
    ../clib/armsys.c                         0x00000000   Number         0  no_argv.o ABSOLUTE
    ../clib/heapalloc.c                      0x00000000   Number         0  hrguard.o ABSOLUTE
    ../clib/heapaux.c                        0x00000000   Number         0  heapauxi.o ABSOLUTE
    ../clib/libinit.s                        0x00000000   Number         0  libinit2.o ABSOLUTE
    ../clib/libinit.s                        0x00000000   Number         0  libinit.o ABSOLUTE
    ../clib/libinit.s                        0x00000000   Number         0  libshutdown.o ABSOLUTE
    ../clib/libinit.s                        0x00000000   Number         0  libshutdown2.o ABSOLUTE
    ../clib/longlong.s                       0x00000000   Number         0  llushr.o ABSOLUTE
    ../clib/memcpset.s                       0x00000000   Number         0  aeabi_memset4.o ABSOLUTE
    ../clib/memcpset.s                       0x00000000   Number         0  rt_memclr_w.o ABSOLUTE
    ../clib/signal.c                         0x00000000   Number         0  defsig_rtmem_outer.o ABSOLUTE
    ../clib/signal.c                         0x00000000   Number         0  defsig_rtmem_formal.o ABSOLUTE
    ../clib/signal.c                         0x00000000   Number         0  defsig_exit.o ABSOLUTE
    ../clib/signal.c                         0x00000000   Number         0  defsig_rtmem_inner.o ABSOLUTE
    ../clib/signal.c                         0x00000000   Number         0  __raise.o ABSOLUTE
    ../clib/signal.c                         0x00000000   Number         0  defsig_general.o ABSOLUTE
    ../clib/signal.c                         0x00000000   Number         0  defsig_abrt_inner.o ABSOLUTE
    ../clib/signal.c                         0x00000000   Number         0  defsig_fpe_inner.o ABSOLUTE
    ../clib/signal.c                         0x00000000   Number         0  defsig_rtred_inner.o ABSOLUTE
    ../clib/signal.c                         0x00000000   Number         0  defsig_stak_inner.o ABSOLUTE
    ../clib/signal.c                         0x00000000   Number         0  defsig_pvfn_inner.o ABSOLUTE
    ../clib/signal.c                         0x00000000   Number         0  defsig_cppl_inner.o ABSOLUTE
    ../clib/signal.c                         0x00000000   Number         0  defsig_segv_inner.o ABSOLUTE
    ../clib/signal.c                         0x00000000   Number         0  defsig_other.o ABSOLUTE
    ../clib/signal.s                         0x00000000   Number         0  defsig.o ABSOLUTE
    ../clib/stdlib.c                         0x00000000   Number         0  rand.o ABSOLUTE
    ../clib/stdlib.c                         0x00000000   Number         0  rand.o ABSOLUTE
    ../clib/stdlib.c                         0x00000000   Number         0  exit.o ABSOLUTE
    ../clib/string.c                         0x00000000   Number         0  strlen.o ABSOLUTE
    ../fplib/fpinit.s                        0x00000000   Number         0  fpinit.o ABSOLUTE
    dc.s                                     0x00000000   Number         0  dc.o ABSOLUTE
    flash.c                                  0x00000000   Number         0  flash.o ABSOLUTE
    fonts.c                                  0x00000000   Number         0  fonts.o ABSOLUTE
    gpio.c                                   0x00000000   Number         0  gpio.o ABSOLUTE
    i2c.c                                    0x00000000   Number         0  i2c.o ABSOLUTE
    main.c                                   0x00000000   Number         0  main.o ABSOLUTE
    snake.c                                  0x00000000   Number         0  snake.o ABSOLUTE
    ssd1306.c                                0x00000000   Number         0  ssd1306.o ABSOLUTE
    startup_stm32f103xb.s                    0x00000000   Number         0  startup_stm32f103xb.o ABSOLUTE
    stm32f1xx_hal.c                          0x00000000   Number         0  stm32f1xx_hal.o ABSOLUTE
    stm32f1xx_hal_cortex.c                   0x00000000   Number         0  stm32f1xx_hal_cortex.o ABSOLUTE
    stm32f1xx_hal_dma.c                      0x00000000   Number         0  stm32f1xx_hal_dma.o ABSOLUTE
    stm32f1xx_hal_exti.c                     0x00000000   Number         0  stm32f1xx_hal_exti.o ABSOLUTE
    stm32f1xx_hal_flash.c                    0x00000000   Number         0  stm32f1xx_hal_flash.o ABSOLUTE
    stm32f1xx_hal_flash_ex.c                 0x00000000   Number         0  stm32f1xx_hal_flash_ex.o ABSOLUTE
    stm32f1xx_hal_gpio.c                     0x00000000   Number         0  stm32f1xx_hal_gpio.o ABSOLUTE
    stm32f1xx_hal_gpio_ex.c                  0x00000000   Number         0  stm32f1xx_hal_gpio_ex.o ABSOLUTE
    stm32f1xx_hal_i2c.c                      0x00000000   Number         0  stm32f1xx_hal_i2c.o ABSOLUTE
    stm32f1xx_hal_msp.c                      0x00000000   Number         0  stm32f1xx_hal_msp.o ABSOLUTE
    stm32f1xx_hal_pwr.c                      0x00000000   Number         0  stm32f1xx_hal_pwr.o ABSOLUTE
    stm32f1xx_hal_rcc.c                      0x00000000   Number         0  stm32f1xx_hal_rcc.o ABSOLUTE
    stm32f1xx_hal_rcc_ex.c                   0x00000000   Number         0  stm32f1xx_hal_rcc_ex.o ABSOLUTE
    stm32f1xx_hal_tim.c                      0x00000000   Number         0  stm32f1xx_hal_tim.o ABSOLUTE
    stm32f1xx_hal_tim_ex.c                   0x00000000   Number         0  stm32f1xx_hal_tim_ex.o ABSOLUTE
    stm32f1xx_it.c                           0x00000000   Number         0  stm32f1xx_it.o ABSOLUTE
    system_stm32f1xx.c                       0x00000000   Number         0  system_stm32f1xx.o ABSOLUTE
    test.c                                   0x00000000   Number         0  test.o ABSOLUTE
    tim.c                                    0x00000000   Number         0  tim.o ABSOLUTE
    RESET                                    0x08000000   Section      236  startup_stm32f103xb.o(RESET)
    !!!main                                  0x080000ec   Section        8  __main.o(!!!main)
    !!!scatter                               0x080000f4   Section       52  __scatter.o(!!!scatter)
    !!handler_copy                           0x08000128   Section       26  __scatter_copy.o(!!handler_copy)
    !!handler_zi                             0x08000144   Section       28  __scatter_zi.o(!!handler_zi)
    .ARM.Collect$$libinit$$00000000          0x08000160   Section        2  libinit.o(.ARM.Collect$$libinit$$00000000)
    .ARM.Collect$$libinit$$00000002          0x08000162   Section        0  libinit2.o(.ARM.Collect$$libinit$$00000002)
    .ARM.Collect$$libinit$$00000004          0x08000162   Section        0  libinit2.o(.ARM.Collect$$libinit$$00000004)
    .ARM.Collect$$libinit$$0000000A          0x08000162   Section        0  libinit2.o(.ARM.Collect$$libinit$$0000000A)
    .ARM.Collect$$libinit$$0000000C          0x08000162   Section        0  libinit2.o(.ARM.Collect$$libinit$$0000000C)
    .ARM.Collect$$libinit$$0000000D          0x08000162   Section        4  libinit2.o(.ARM.Collect$$libinit$$0000000D)
    .ARM.Collect$$libinit$$0000000E          0x08000166   Section        0  libinit2.o(.ARM.Collect$$libinit$$0000000E)
    .ARM.Collect$$libinit$$00000011          0x08000166   Section        0  libinit2.o(.ARM.Collect$$libinit$$00000011)
    .ARM.Collect$$libinit$$00000013          0x08000166   Section        0  libinit2.o(.ARM.Collect$$libinit$$00000013)
    .ARM.Collect$$libinit$$00000015          0x08000166   Section        0  libinit2.o(.ARM.Collect$$libinit$$00000015)
    .ARM.Collect$$libinit$$00000017          0x08000166   Section        0  libinit2.o(.ARM.Collect$$libinit$$00000017)
    .ARM.Collect$$libinit$$00000019          0x08000166   Section        0  libinit2.o(.ARM.Collect$$libinit$$00000019)
    .ARM.Collect$$libinit$$0000001B          0x08000166   Section        0  libinit2.o(.ARM.Collect$$libinit$$0000001B)
    .ARM.Collect$$libinit$$0000001D          0x08000166   Section        0  libinit2.o(.ARM.Collect$$libinit$$0000001D)
    .ARM.Collect$$libinit$$0000001F          0x08000166   Section        0  libinit2.o(.ARM.Collect$$libinit$$0000001F)
    .ARM.Collect$$libinit$$00000021          0x08000166   Section        0  libinit2.o(.ARM.Collect$$libinit$$00000021)
    .ARM.Collect$$libinit$$00000023          0x08000166   Section        0  libinit2.o(.ARM.Collect$$libinit$$00000023)
    .ARM.Collect$$libinit$$00000025          0x08000166   Section        0  libinit2.o(.ARM.Collect$$libinit$$00000025)
    .ARM.Collect$$libinit$$0000002C          0x08000166   Section        0  libinit2.o(.ARM.Collect$$libinit$$0000002C)
    .ARM.Collect$$libinit$$0000002E          0x08000166   Section        0  libinit2.o(.ARM.Collect$$libinit$$0000002E)
    .ARM.Collect$$libinit$$00000030          0x08000166   Section        0  libinit2.o(.ARM.Collect$$libinit$$00000030)
    .ARM.Collect$$libinit$$00000032          0x08000166   Section        0  libinit2.o(.ARM.Collect$$libinit$$00000032)
    .ARM.Collect$$libinit$$00000033          0x08000166   Section        2  libinit2.o(.ARM.Collect$$libinit$$00000033)
    .ARM.Collect$$libshutdown$$00000000      0x08000168   Section        2  libshutdown.o(.ARM.Collect$$libshutdown$$00000000)
    .ARM.Collect$$libshutdown$$00000002      0x0800016a   Section        0  libshutdown2.o(.ARM.Collect$$libshutdown$$00000002)
    .ARM.Collect$$libshutdown$$00000004      0x0800016a   Section        0  libshutdown2.o(.ARM.Collect$$libshutdown$$00000004)
    .ARM.Collect$$libshutdown$$00000007      0x0800016a   Section        0  libshutdown2.o(.ARM.Collect$$libshutdown$$00000007)
    .ARM.Collect$$libshutdown$$0000000A      0x0800016a   Section        0  libshutdown2.o(.ARM.Collect$$libshutdown$$0000000A)
    .ARM.Collect$$libshutdown$$0000000C      0x0800016a   Section        0  libshutdown2.o(.ARM.Collect$$libshutdown$$0000000C)
    .ARM.Collect$$libshutdown$$0000000F      0x0800016a   Section        0  libshutdown2.o(.ARM.Collect$$libshutdown$$0000000F)
    .ARM.Collect$$libshutdown$$00000010      0x0800016a   Section        2  libshutdown2.o(.ARM.Collect$$libshutdown$$00000010)
    .ARM.Collect$$rtentry$$00000000          0x0800016c   Section        0  __rtentry.o(.ARM.Collect$$rtentry$$00000000)
    .ARM.Collect$$rtentry$$00000002          0x0800016c   Section        0  __rtentry2.o(.ARM.Collect$$rtentry$$00000002)
    .ARM.Collect$$rtentry$$00000004          0x0800016c   Section        6  __rtentry4.o(.ARM.Collect$$rtentry$$00000004)
    .ARM.Collect$$rtentry$$00000009          0x08000172   Section        0  __rtentry2.o(.ARM.Collect$$rtentry$$00000009)
    .ARM.Collect$$rtentry$$0000000A          0x08000172   Section        4  __rtentry2.o(.ARM.Collect$$rtentry$$0000000A)
    .ARM.Collect$$rtentry$$0000000C          0x08000176   Section        0  __rtentry2.o(.ARM.Collect$$rtentry$$0000000C)
    .ARM.Collect$$rtentry$$0000000D          0x08000176   Section        8  __rtentry2.o(.ARM.Collect$$rtentry$$0000000D)
    .ARM.Collect$$rtexit$$00000000           0x0800017e   Section        2  rtexit.o(.ARM.Collect$$rtexit$$00000000)
    .ARM.Collect$$rtexit$$00000002           0x08000180   Section        0  rtexit2.o(.ARM.Collect$$rtexit$$00000002)
    .ARM.Collect$$rtexit$$00000003           0x08000180   Section        4  rtexit2.o(.ARM.Collect$$rtexit$$00000003)
    .ARM.Collect$$rtexit$$00000004           0x08000184   Section        6  rtexit2.o(.ARM.Collect$$rtexit$$00000004)
    .emb_text                                0x0800018c   Section       52  rand.o(.emb_text)
    .text                                    0x080001c0   Section       64  startup_stm32f103xb.o(.text)
    .text                                    0x08000200   Section        0  rand.o(.text)
    .text                                    0x0800023c   Section        0  heapauxi.o(.text)
    .text                                    0x08000242   Section       74  sys_stackheap_outer.o(.text)
    .text                                    0x0800028c   Section        0  exit.o(.text)
    .text                                    0x080002a0   Section        8  libspace.o(.text)
    .text                                    0x080002a8   Section        2  use_no_semi.o(.text)
    .text                                    0x080002aa   Section        0  indicate_semi.o(.text)
    .text                                    0x080002ac   Section        0  sys_exit.o(.text)
    [Anonymous Symbol]                       0x080002b8   Section        0  stm32f1xx_it.o(.text.BusFault_Handler)
    [Anonymous Symbol]                       0x080002ba   Section        0  stm32f1xx_it.o(.text.DebugMon_Handler)
    [Anonymous Symbol]                       0x080002bc   Section        0  stm32f1xx_it.o(.text.EXTI2_IRQHandler)
    [Anonymous Symbol]                       0x080002c2   Section        0  stm32f1xx_it.o(.text.EXTI3_IRQHandler)
    [Anonymous Symbol]                       0x080002c8   Section        0  stm32f1xx_it.o(.text.EXTI4_IRQHandler)
    [Anonymous Symbol]                       0x080002ce   Section        0  stm32f1xx_it.o(.text.EXTI9_5_IRQHandler)
    [Anonymous Symbol]                       0x080002d4   Section        0  main.o(.text.Error_Handler)
    [Anonymous Symbol]                       0x080002d8   Section        0  main.o(.text.HAL_GPIO_EXTI_Callback)
    __arm_cp.1_0                             0x080002e4   Number         4  main.o(.text.HAL_GPIO_EXTI_Callback)
    [Anonymous Symbol]                       0x080002e8   Section        0  stm32f1xx_hal_gpio.o(.text.HAL_GPIO_EXTI_IRQHandler)
    __arm_cp.6_0                             0x080002f8   Number         4  stm32f1xx_hal_gpio.o(.text.HAL_GPIO_EXTI_IRQHandler)
    [Anonymous Symbol]                       0x080002fc   Section        0  stm32f1xx_hal_gpio.o(.text.HAL_GPIO_Init)
    __arm_cp.0_0                             0x08000468   Number         4  stm32f1xx_hal_gpio.o(.text.HAL_GPIO_Init)
    __arm_cp.0_1                             0x0800046c   Number         4  stm32f1xx_hal_gpio.o(.text.HAL_GPIO_Init)
    __arm_cp.0_2                             0x08000470   Number         4  stm32f1xx_hal_gpio.o(.text.HAL_GPIO_Init)
    __arm_cp.0_3                             0x08000474   Number         4  stm32f1xx_hal_gpio.o(.text.HAL_GPIO_Init)
    __arm_cp.0_4                             0x08000478   Number         4  stm32f1xx_hal_gpio.o(.text.HAL_GPIO_Init)
    __arm_cp.0_5                             0x0800047c   Number         4  stm32f1xx_hal_gpio.o(.text.HAL_GPIO_Init)
    __arm_cp.0_6                             0x08000480   Number         4  stm32f1xx_hal_gpio.o(.text.HAL_GPIO_Init)
    __arm_cp.0_7                             0x08000484   Number         4  stm32f1xx_hal_gpio.o(.text.HAL_GPIO_Init)
    __arm_cp.0_8                             0x08000488   Number         4  stm32f1xx_hal_gpio.o(.text.HAL_GPIO_Init)
    __arm_cp.0_9                             0x0800048c   Number         4  stm32f1xx_hal_gpio.o(.text.HAL_GPIO_Init)
    __arm_cp.0_10                            0x08000490   Number         4  stm32f1xx_hal_gpio.o(.text.HAL_GPIO_Init)
    __arm_cp.0_11                            0x08000494   Number         4  stm32f1xx_hal_gpio.o(.text.HAL_GPIO_Init)
    __arm_cp.0_12                            0x08000498   Number         4  stm32f1xx_hal_gpio.o(.text.HAL_GPIO_Init)
    [Anonymous Symbol]                       0x0800049c   Section        0  stm32f1xx_hal_gpio.o(.text.HAL_GPIO_WritePin)
    [Anonymous Symbol]                       0x080004a8   Section        0  stm32f1xx_hal.o(.text.HAL_GetTick)
    [Anonymous Symbol]                       0x080004b0   Section        0  stm32f1xx_hal_i2c.o(.text.HAL_I2C_Init)
    __arm_cp.0_0                             0x08000620   Number         4  stm32f1xx_hal_i2c.o(.text.HAL_I2C_Init)
    __arm_cp.0_1                             0x08000624   Number         4  stm32f1xx_hal_i2c.o(.text.HAL_I2C_Init)
    __arm_cp.0_2                             0x08000628   Number         4  stm32f1xx_hal_i2c.o(.text.HAL_I2C_Init)
    __arm_cp.0_3                             0x0800062c   Number         4  stm32f1xx_hal_i2c.o(.text.HAL_I2C_Init)
    __arm_cp.0_4                             0x08000630   Number         4  stm32f1xx_hal_i2c.o(.text.HAL_I2C_Init)
    [Anonymous Symbol]                       0x08000634   Section        0  stm32f1xx_hal_i2c.o(.text.HAL_I2C_Master_Transmit)
    __arm_cp.4_0                             0x080007d0   Number         4  stm32f1xx_hal_i2c.o(.text.HAL_I2C_Master_Transmit)
    [Anonymous Symbol]                       0x080007d4   Section        0  i2c.o(.text.HAL_I2C_MspInit)
    __arm_cp.1_0                             0x0800082c   Number         4  i2c.o(.text.HAL_I2C_MspInit)
    [Anonymous Symbol]                       0x08000830   Section        0  stm32f1xx_hal.o(.text.HAL_IncTick)
    __arm_cp.5_1                             0x08000840   Number         4  stm32f1xx_hal.o(.text.HAL_IncTick)
    [Anonymous Symbol]                       0x08000844   Section        0  stm32f1xx_hal.o(.text.HAL_Init)
    [Anonymous Symbol]                       0x08000864   Section        0  stm32f1xx_hal.o(.text.HAL_InitTick)
    __arm_cp.1_0                             0x0800089c   Number         4  stm32f1xx_hal.o(.text.HAL_InitTick)
    [Anonymous Symbol]                       0x080008a0   Section        0  stm32f1xx_hal_msp.o(.text.HAL_MspInit)
    __arm_cp.0_0                             0x080008d8   Number         4  stm32f1xx_hal_msp.o(.text.HAL_MspInit)
    __arm_cp.0_1                             0x080008dc   Number         4  stm32f1xx_hal_msp.o(.text.HAL_MspInit)
    [Anonymous Symbol]                       0x080008e0   Section        0  stm32f1xx_hal_cortex.o(.text.HAL_NVIC_EnableIRQ)
    __arm_cp.3_0                             0x080008f8   Number         4  stm32f1xx_hal_cortex.o(.text.HAL_NVIC_EnableIRQ)
    [Anonymous Symbol]                       0x080008fc   Section        0  stm32f1xx_hal_cortex.o(.text.HAL_NVIC_SetPriority)
    [Anonymous Symbol]                       0x08000938   Section        0  stm32f1xx_hal_cortex.o(.text.HAL_NVIC_SetPriorityGrouping)
    __arm_cp.0_0                             0x08000950   Number         4  stm32f1xx_hal_cortex.o(.text.HAL_NVIC_SetPriorityGrouping)
    __arm_cp.0_1                             0x08000954   Number         4  stm32f1xx_hal_cortex.o(.text.HAL_NVIC_SetPriorityGrouping)
    [Anonymous Symbol]                       0x08000958   Section        0  stm32f1xx_hal_rcc.o(.text.HAL_RCC_ClockConfig)
    __arm_cp.2_0                             0x08000a88   Number         4  stm32f1xx_hal_rcc.o(.text.HAL_RCC_ClockConfig)
    __arm_cp.2_2                             0x08000a8c   Number         4  stm32f1xx_hal_rcc.o(.text.HAL_RCC_ClockConfig)
    __arm_cp.2_4                             0x08000a90   Number         4  stm32f1xx_hal_rcc.o(.text.HAL_RCC_ClockConfig)
    [Anonymous Symbol]                       0x08000a94   Section        0  stm32f1xx_hal_rcc.o(.text.HAL_RCC_GetPCLK1Freq)
    __arm_cp.8_0                             0x08000aa8   Number         4  stm32f1xx_hal_rcc.o(.text.HAL_RCC_GetPCLK1Freq)
    __arm_cp.8_2                             0x08000aac   Number         4  stm32f1xx_hal_rcc.o(.text.HAL_RCC_GetPCLK1Freq)
    [Anonymous Symbol]                       0x08000ab0   Section        0  stm32f1xx_hal_rcc.o(.text.HAL_RCC_GetSysClockFreq)
    __arm_cp.3_0                             0x08000ae8   Number         4  stm32f1xx_hal_rcc.o(.text.HAL_RCC_GetSysClockFreq)
    __arm_cp.3_1                             0x08000aec   Number         4  stm32f1xx_hal_rcc.o(.text.HAL_RCC_GetSysClockFreq)
    __arm_cp.3_4                             0x08000b04   Number         4  stm32f1xx_hal_rcc.o(.text.HAL_RCC_GetSysClockFreq)
    [Anonymous Symbol]                       0x08000b08   Section        0  stm32f1xx_hal_rcc.o(.text.HAL_RCC_OscConfig)
    __arm_cp.1_0                             0x08000e1c   Number         4  stm32f1xx_hal_rcc.o(.text.HAL_RCC_OscConfig)
    __arm_cp.1_1                             0x08000e20   Number         4  stm32f1xx_hal_rcc.o(.text.HAL_RCC_OscConfig)
    __arm_cp.1_2                             0x08000e24   Number         4  stm32f1xx_hal_rcc.o(.text.HAL_RCC_OscConfig)
    __arm_cp.1_3                             0x08000e28   Number         4  stm32f1xx_hal_rcc.o(.text.HAL_RCC_OscConfig)
    [Anonymous Symbol]                       0x08000e2c   Section        0  stm32f1xx_hal_cortex.o(.text.HAL_SYSTICK_Config)
    __arm_cp.7_0                             0x08000e4c   Number         4  stm32f1xx_hal_cortex.o(.text.HAL_SYSTICK_Config)
    __arm_cp.7_1                             0x08000e50   Number         4  stm32f1xx_hal_cortex.o(.text.HAL_SYSTICK_Config)
    [Anonymous Symbol]                       0x08000e54   Section        0  stm32f1xx_hal_tim_ex.o(.text.HAL_TIMEx_BreakCallback)
    [Anonymous Symbol]                       0x08000e56   Section        0  stm32f1xx_hal_tim_ex.o(.text.HAL_TIMEx_CommutCallback)
    [Anonymous Symbol]                       0x08000e58   Section        0  stm32f1xx_hal_tim_ex.o(.text.HAL_TIMEx_MasterConfigSynchronization)
    __arm_cp.34_1                            0x08000eb8   Number         4  stm32f1xx_hal_tim_ex.o(.text.HAL_TIMEx_MasterConfigSynchronization)
    __arm_cp.34_2                            0x08000ebc   Number         4  stm32f1xx_hal_tim_ex.o(.text.HAL_TIMEx_MasterConfigSynchronization)
    [Anonymous Symbol]                       0x08000ec0   Section        0  stm32f1xx_hal_tim.o(.text.HAL_TIM_Base_Init)
    [Anonymous Symbol]                       0x08000f18   Section        0  tim.o(.text.HAL_TIM_Base_MspInit)
    __arm_cp.1_1                             0x08000f4c   Number         4  tim.o(.text.HAL_TIM_Base_MspInit)
    [Anonymous Symbol]                       0x08000f50   Section        0  stm32f1xx_hal_tim.o(.text.HAL_TIM_ConfigClockSource)
    [Anonymous Symbol]                       0x08001060   Section        0  stm32f1xx_hal_tim.o(.text.HAL_TIM_IC_CaptureCallback)
    [Anonymous Symbol]                       0x08001062   Section        0  stm32f1xx_hal_tim.o(.text.HAL_TIM_IRQHandler)
    [Anonymous Symbol]                       0x080011cc   Section        0  stm32f1xx_hal_tim.o(.text.HAL_TIM_OC_DelayElapsedCallback)
    [Anonymous Symbol]                       0x080011ce   Section        0  stm32f1xx_hal_tim.o(.text.HAL_TIM_PWM_PulseFinishedCallback)
    [Anonymous Symbol]                       0x080011d0   Section        0  main.o(.text.HAL_TIM_PeriodElapsedCallback)
    __arm_cp.0_0                             0x080011e4   Number         4  main.o(.text.HAL_TIM_PeriodElapsedCallback)
    __arm_cp.0_1                             0x080011e8   Number         4  main.o(.text.HAL_TIM_PeriodElapsedCallback)
    [Anonymous Symbol]                       0x080011ec   Section        0  stm32f1xx_hal_tim.o(.text.HAL_TIM_TriggerCallback)
    [Anonymous Symbol]                       0x080011ee   Section        0  stm32f1xx_it.o(.text.HardFault_Handler)
    I2C_IsAcknowledgeFailed                  0x080011f1   Thumb Code    48  stm32f1xx_hal_i2c.o(.text.I2C_IsAcknowledgeFailed)
    [Anonymous Symbol]                       0x080011f0   Section        0  stm32f1xx_hal_i2c.o(.text.I2C_IsAcknowledgeFailed)
    I2C_WaitOnBTFFlagUntilTimeout            0x08001221   Thumb Code    78  stm32f1xx_hal_i2c.o(.text.I2C_WaitOnBTFFlagUntilTimeout)
    [Anonymous Symbol]                       0x08001220   Section        0  stm32f1xx_hal_i2c.o(.text.I2C_WaitOnBTFFlagUntilTimeout)
    I2C_WaitOnFlagUntilTimeout               0x0800126f   Thumb Code   118  stm32f1xx_hal_i2c.o(.text.I2C_WaitOnFlagUntilTimeout)
    [Anonymous Symbol]                       0x0800126e   Section        0  stm32f1xx_hal_i2c.o(.text.I2C_WaitOnFlagUntilTimeout)
    I2C_WaitOnMasterAddressFlagUntilTimeout  0x080012e5   Thumb Code   150  stm32f1xx_hal_i2c.o(.text.I2C_WaitOnMasterAddressFlagUntilTimeout)
    [Anonymous Symbol]                       0x080012e4   Section        0  stm32f1xx_hal_i2c.o(.text.I2C_WaitOnMasterAddressFlagUntilTimeout)
    I2C_WaitOnTXEFlagUntilTimeout            0x0800137b   Thumb Code    78  stm32f1xx_hal_i2c.o(.text.I2C_WaitOnTXEFlagUntilTimeout)
    [Anonymous Symbol]                       0x0800137a   Section        0  stm32f1xx_hal_i2c.o(.text.I2C_WaitOnTXEFlagUntilTimeout)
    [Anonymous Symbol]                       0x080013c8   Section        0  gpio.o(.text.MX_GPIO_Init)
    __arm_cp.0_0                             0x08001470   Number         4  gpio.o(.text.MX_GPIO_Init)
    __arm_cp.0_1                             0x08001474   Number         4  gpio.o(.text.MX_GPIO_Init)
    __arm_cp.0_2                             0x08001478   Number         4  gpio.o(.text.MX_GPIO_Init)
    __arm_cp.0_3                             0x0800147c   Number         4  gpio.o(.text.MX_GPIO_Init)
    __arm_cp.0_4                             0x08001480   Number         4  gpio.o(.text.MX_GPIO_Init)
    [Anonymous Symbol]                       0x08001484   Section        0  i2c.o(.text.MX_I2C2_Init)
    __arm_cp.0_0                             0x080014b8   Number         4  i2c.o(.text.MX_I2C2_Init)
    __arm_cp.0_1                             0x080014bc   Number         4  i2c.o(.text.MX_I2C2_Init)
    __arm_cp.0_2                             0x080014c0   Number         4  i2c.o(.text.MX_I2C2_Init)
    [Anonymous Symbol]                       0x080014c4   Section        0  tim.o(.text.MX_TIM3_Init)
    __arm_cp.0_1                             0x08001524   Number         4  tim.o(.text.MX_TIM3_Init)
    [Anonymous Symbol]                       0x08001528   Section        0  stm32f1xx_it.o(.text.MemManage_Handler)
    [Anonymous Symbol]                       0x0800152a   Section        0  stm32f1xx_it.o(.text.NMI_Handler)
    [Anonymous Symbol]                       0x0800152c   Section        0  stm32f1xx_it.o(.text.PendSV_Handler)
    [Anonymous Symbol]                       0x08001530   Section        0  ssd1306.o(.text.SSD1306_DrawFilledCircle)
    __arm_cp.23_0                            0x08001650   Number         4  ssd1306.o(.text.SSD1306_DrawFilledCircle)
    __arm_cp.23_1                            0x08001654   Number         4  ssd1306.o(.text.SSD1306_DrawFilledCircle)
    [Anonymous Symbol]                       0x08001658   Section        0  ssd1306.o(.text.SSD1306_DrawLine)
    [Anonymous Symbol]                       0x0800176c   Section        0  ssd1306.o(.text.SSD1306_DrawPixel)
    __arm_cp.8_0                             0x080017b8   Number         4  ssd1306.o(.text.SSD1306_DrawPixel)
    [Anonymous Symbol]                       0x080017bc   Section        0  ssd1306.o(.text.SSD1306_UpdateScreen)
    __arm_cp.11_0                            0x080017f8   Number         4  ssd1306.o(.text.SSD1306_UpdateScreen)
    __arm_cp.11_1                            0x080017fc   Number         4  ssd1306.o(.text.SSD1306_UpdateScreen)
    [Anonymous Symbol]                       0x08001800   Section        0  stm32f1xx_it.o(.text.SVC_Handler)
    [Anonymous Symbol]                       0x08001802   Section        0  stm32f1xx_it.o(.text.SysTick_Handler)
    [Anonymous Symbol]                       0x08001806   Section        0  main.o(.text.SystemClock_Config)
    [Anonymous Symbol]                       0x08001850   Section        0  system_stm32f1xx.o(.text.SystemInit)
    [Anonymous Symbol]                       0x08001854   Section        0  stm32f1xx_it.o(.text.TIM3_IRQHandler)
    __arm_cp.13_0                            0x0800185c   Number         4  stm32f1xx_it.o(.text.TIM3_IRQHandler)
    [Anonymous Symbol]                       0x08001860   Section        0  stm32f1xx_hal_tim.o(.text.TIM_Base_SetConfig)
    __arm_cp.2_0                             0x080018b0   Number         4  stm32f1xx_hal_tim.o(.text.TIM_Base_SetConfig)
    __arm_cp.2_1                             0x080018b4   Number         4  stm32f1xx_hal_tim.o(.text.TIM_Base_SetConfig)
    __arm_cp.2_2                             0x080018b8   Number         4  stm32f1xx_hal_tim.o(.text.TIM_Base_SetConfig)
    TIM_TI1_ConfigInputStage                 0x080018bd   Thumb Code    34  stm32f1xx_hal_tim.o(.text.TIM_TI1_ConfigInputStage)
    [Anonymous Symbol]                       0x080018bc   Section        0  stm32f1xx_hal_tim.o(.text.TIM_TI1_ConfigInputStage)
    TIM_TI2_ConfigInputStage                 0x080018df   Thumb Code    34  stm32f1xx_hal_tim.o(.text.TIM_TI2_ConfigInputStage)
    [Anonymous Symbol]                       0x080018de   Section        0  stm32f1xx_hal_tim.o(.text.TIM_TI2_ConfigInputStage)
    [Anonymous Symbol]                       0x08001900   Section        0  stm32f1xx_it.o(.text.UsageFault_Handler)
    __NVIC_SetPriority                       0x08001905   Thumb Code    36  stm32f1xx_hal_cortex.o(.text.__NVIC_SetPriority)
    [Anonymous Symbol]                       0x08001904   Section        0  stm32f1xx_hal_cortex.o(.text.__NVIC_SetPriority)
    __arm_cp.2_0                             0x08001920   Number         4  stm32f1xx_hal_cortex.o(.text.__NVIC_SetPriority)
    __arm_cp.2_1                             0x08001924   Number         4  stm32f1xx_hal_cortex.o(.text.__NVIC_SetPriority)
    [Anonymous Symbol]                       0x08001928   Section        0  snake.o(.text.game_init)
    [Anonymous Symbol]                       0x0800199c   Section        0  snake.o(.text.gameover)
    [Anonymous Symbol]                       0x0800199e   Section        0  snake.o(.text.information)
    [Anonymous Symbol]                       0x080019a0   Section        0  snake.o(.text.ingame)
    __arm_cp.1_0                             0x08001a3c   Number         4  snake.o(.text.ingame)
    __arm_cp.1_2                             0x08001a40   Number         4  snake.o(.text.ingame)
    [Anonymous Symbol]                       0x08001a44   Section        0  main.o(.text.main)
    __arm_cp.2_0                             0x08001aa0   Number         4  main.o(.text.main)
    [Anonymous Symbol]                       0x08001aa4   Section        0  snake.o(.text.menu)
    [Anonymous Symbol]                       0x08001aa6   Section        0  snake.o(.text.setting)
    [Anonymous Symbol]                       0x08001aa8   Section        0  snake.o(.text.snake_create_new_apple)
    [Anonymous Symbol]                       0x08001ad2   Section        0  snake.o(.text.snake_draw)
    [Anonymous Symbol]                       0x08001b24   Section        0  snake.o(.text.snake_follow_head)
    [Anonymous Symbol]                       0x08001b44   Section        0  snake.o(.text.snake_go)
    __arm_cp.3_0                             0x08001bcc   Number         4  snake.o(.text.snake_go)
    [Anonymous Symbol]                       0x08001bd0   Section        0  ssd1306.o(.text.ssd1306_I2C_Init)
    [Anonymous Symbol]                       0x08001bd4   Section        0  ssd1306.o(.text.ssd1306_I2C_Write)
    [Anonymous Symbol]                       0x08001bf4   Section        0  ssd1306.o(.text.ssd1306_I2C_WriteMulti)
    __arm_cp.12_0                            0x08001c2c   Number         4  ssd1306.o(.text.ssd1306_I2C_WriteMulti)
    [Anonymous Symbol]                       0x20000000   Section        0  stm32f1xx_hal.o(.data..L_MergedGlobals)
    .bss                                     0x20000010   Section      228  rand.o(.bss)
    .bss                                     0x200000f4   Section       96  libspace.o(.bss)
    SSD1306.2                                0x20000154   Data           1  ssd1306.o(.bss.SSD1306.2)
    [Anonymous Symbol]                       0x20000154   Section        0  ssd1306.o(.bss.SSD1306.2)
    SSD1306_Buffer                           0x20000158   Data        1024  ssd1306.o(.bss.SSD1306_Buffer)
    [Anonymous Symbol]                       0x20000158   Section        0  ssd1306.o(.bss.SSD1306_Buffer)
    Heap_Mem                                 0x20000928   Data         512  startup_stm32f103xb.o(HEAP)
    HEAP                                     0x20000928   Section      512  startup_stm32f103xb.o(HEAP)
    Stack_Mem                                0x20000b28   Data        1024  startup_stm32f103xb.o(STACK)
    STACK                                    0x20000b28   Section     1024  startup_stm32f103xb.o(STACK)
    __initial_sp                             0x20000f28   Data           0  startup_stm32f103xb.o(STACK)

    Global Symbols

    Symbol Name                              Value     Ov Type        Size  Object(Section)

    BuildAttributes$$THM_ISAv4$P$D$K$B$S$PE$A:L22UL41UL21$X:L11$S22US41US21$IEEE1$IW$~IW$USESV6$~STKCKD$USESV7$~SHL$OSPACE$ROPI$EBA8$UX$STANDARDLIB$REQ8$PRES8$EABIv2 0x00000000   Number         0  anon$$obj.o ABSOLUTE
    __ARM_exceptions_init                     - Undefined Weak Reference
    __alloca_initialize                       - Undefined Weak Reference
    __arm_preinit_                            - Undefined Weak Reference
    __cpp_initialize__aeabi_                  - Undefined Weak Reference
    __cxa_finalize                            - Undefined Weak Reference
    __rt_locale                               - Undefined Weak Reference
    __sigvec_lookup                           - Undefined Weak Reference
    _atexit_init                              - Undefined Weak Reference
    _call_atexit_fns                          - Undefined Weak Reference
    _clock_init                               - Undefined Weak Reference
    _fp_trap_init                             - Undefined Weak Reference
    _fp_trap_shutdown                         - Undefined Weak Reference
    _get_lc_collate                           - Undefined Weak Reference
    _get_lc_ctype                             - Undefined Weak Reference
    _get_lc_monetary                          - Undefined Weak Reference
    _get_lc_numeric                           - Undefined Weak Reference
    _get_lc_time                              - Undefined Weak Reference
    _getenv_init                              - Undefined Weak Reference
    _handle_redirection                       - Undefined Weak Reference
    _init_alloc                               - Undefined Weak Reference
    _init_user_alloc                          - Undefined Weak Reference
    _initio                                   - Undefined Weak Reference
    _signal_finish                            - Undefined Weak Reference
    _signal_init                              - Undefined Weak Reference
    _terminate_alloc                          - Undefined Weak Reference
    _terminate_user_alloc                     - Undefined Weak Reference
    _terminateio                              - Undefined Weak Reference
    __Vectors_Size                           0x000000ec   Number         0  startup_stm32f103xb.o ABSOLUTE
    __Vectors                                0x08000000   Data           4  startup_stm32f103xb.o(RESET)
    __Vectors_End                            0x080000ec   Data           0  startup_stm32f103xb.o(RESET)
    __main                                   0x080000ed   Thumb Code     8  __main.o(!!!main)
    __scatterload                            0x080000f5   Thumb Code     0  __scatter.o(!!!scatter)
    __scatterload_rt2                        0x080000f5   Thumb Code    44  __scatter.o(!!!scatter)
    __scatterload_rt2_thumb_only             0x080000f5   Thumb Code     0  __scatter.o(!!!scatter)
    __scatterload_null                       0x08000103   Thumb Code     0  __scatter.o(!!!scatter)
    __scatterload_copy                       0x08000129   Thumb Code    26  __scatter_copy.o(!!handler_copy)
    __scatterload_zeroinit                   0x08000145   Thumb Code    28  __scatter_zi.o(!!handler_zi)
    __rt_lib_init                            0x08000161   Thumb Code     0  libinit.o(.ARM.Collect$$libinit$$00000000)
    __rt_lib_init_fp_1                       0x08000163   Thumb Code     0  libinit2.o(.ARM.Collect$$libinit$$00000002)
    __rt_lib_init_heap_1                     0x08000163   Thumb Code     0  libinit2.o(.ARM.Collect$$libinit$$0000000A)
    __rt_lib_init_preinit_1                  0x08000163   Thumb Code     0  libinit2.o(.ARM.Collect$$libinit$$00000004)
    __rt_lib_init_rand_2                     0x08000163   Thumb Code     0  libinit2.o(.ARM.Collect$$libinit$$0000000D)
    __rt_lib_init_user_alloc_1               0x08000163   Thumb Code     0  libinit2.o(.ARM.Collect$$libinit$$0000000C)
    __rt_lib_init_alloca_1                   0x08000167   Thumb Code     0  libinit2.o(.ARM.Collect$$libinit$$0000002E)
    __rt_lib_init_argv_1                     0x08000167   Thumb Code     0  libinit2.o(.ARM.Collect$$libinit$$0000002C)
    __rt_lib_init_atexit_1                   0x08000167   Thumb Code     0  libinit2.o(.ARM.Collect$$libinit$$0000001B)
    __rt_lib_init_clock_1                    0x08000167   Thumb Code     0  libinit2.o(.ARM.Collect$$libinit$$00000021)
    __rt_lib_init_cpp_1                      0x08000167   Thumb Code     0  libinit2.o(.ARM.Collect$$libinit$$00000032)
    __rt_lib_init_exceptions_1               0x08000167   Thumb Code     0  libinit2.o(.ARM.Collect$$libinit$$00000030)
    __rt_lib_init_fp_trap_1                  0x08000167   Thumb Code     0  libinit2.o(.ARM.Collect$$libinit$$0000001F)
    __rt_lib_init_getenv_1                   0x08000167   Thumb Code     0  libinit2.o(.ARM.Collect$$libinit$$00000023)
    __rt_lib_init_lc_collate_1               0x08000167   Thumb Code     0  libinit2.o(.ARM.Collect$$libinit$$00000011)
    __rt_lib_init_lc_ctype_1                 0x08000167   Thumb Code     0  libinit2.o(.ARM.Collect$$libinit$$00000013)
    __rt_lib_init_lc_monetary_1              0x08000167   Thumb Code     0  libinit2.o(.ARM.Collect$$libinit$$00000015)
    __rt_lib_init_lc_numeric_1               0x08000167   Thumb Code     0  libinit2.o(.ARM.Collect$$libinit$$00000017)
    __rt_lib_init_lc_time_1                  0x08000167   Thumb Code     0  libinit2.o(.ARM.Collect$$libinit$$00000019)
    __rt_lib_init_rand_1                     0x08000167   Thumb Code     0  libinit2.o(.ARM.Collect$$libinit$$0000000E)
    __rt_lib_init_return                     0x08000167   Thumb Code     0  libinit2.o(.ARM.Collect$$libinit$$00000033)
    __rt_lib_init_signal_1                   0x08000167   Thumb Code     0  libinit2.o(.ARM.Collect$$libinit$$0000001D)
    __rt_lib_init_stdio_1                    0x08000167   Thumb Code     0  libinit2.o(.ARM.Collect$$libinit$$00000025)
    __rt_lib_shutdown                        0x08000169   Thumb Code     0  libshutdown.o(.ARM.Collect$$libshutdown$$00000000)
    __rt_lib_shutdown_cpp_1                  0x0800016b   Thumb Code     0  libshutdown2.o(.ARM.Collect$$libshutdown$$00000002)
    __rt_lib_shutdown_fp_trap_1              0x0800016b   Thumb Code     0  libshutdown2.o(.ARM.Collect$$libshutdown$$00000007)
    __rt_lib_shutdown_heap_1                 0x0800016b   Thumb Code     0  libshutdown2.o(.ARM.Collect$$libshutdown$$0000000F)
    __rt_lib_shutdown_return                 0x0800016b   Thumb Code     0  libshutdown2.o(.ARM.Collect$$libshutdown$$00000010)
    __rt_lib_shutdown_signal_1               0x0800016b   Thumb Code     0  libshutdown2.o(.ARM.Collect$$libshutdown$$0000000A)
    __rt_lib_shutdown_stdio_1                0x0800016b   Thumb Code     0  libshutdown2.o(.ARM.Collect$$libshutdown$$00000004)
    __rt_lib_shutdown_user_alloc_1           0x0800016b   Thumb Code     0  libshutdown2.o(.ARM.Collect$$libshutdown$$0000000C)
    __rt_entry                               0x0800016d   Thumb Code     0  __rtentry.o(.ARM.Collect$$rtentry$$00000000)
    __rt_entry_presh_1                       0x0800016d   Thumb Code     0  __rtentry2.o(.ARM.Collect$$rtentry$$00000002)
    __rt_entry_sh                            0x0800016d   Thumb Code     0  __rtentry4.o(.ARM.Collect$$rtentry$$00000004)
    __rt_entry_li                            0x08000173   Thumb Code     0  __rtentry2.o(.ARM.Collect$$rtentry$$0000000A)
    __rt_entry_postsh_1                      0x08000173   Thumb Code     0  __rtentry2.o(.ARM.Collect$$rtentry$$00000009)
    __rt_entry_main                          0x08000177   Thumb Code     0  __rtentry2.o(.ARM.Collect$$rtentry$$0000000D)
    __rt_entry_postli_1                      0x08000177   Thumb Code     0  __rtentry2.o(.ARM.Collect$$rtentry$$0000000C)
    __rt_exit                                0x0800017f   Thumb Code     0  rtexit.o(.ARM.Collect$$rtexit$$00000000)
    __rt_exit_ls                             0x08000181   Thumb Code     0  rtexit2.o(.ARM.Collect$$rtexit$$00000003)
    __rt_exit_prels_1                        0x08000181   Thumb Code     0  rtexit2.o(.ARM.Collect$$rtexit$$00000002)
    __rt_exit_exit                           0x08000185   Thumb Code     0  rtexit2.o(.ARM.Collect$$rtexit$$00000004)
    rand                                     0x0800018d   Thumb Code    48  rand.o(.emb_text)
    Reset_Handler                            0x080001c1   Thumb Code     8  startup_stm32f103xb.o(.text)
    ADC1_2_IRQHandler                        0x080001db   Thumb Code     0  startup_stm32f103xb.o(.text)
    CAN1_RX1_IRQHandler                      0x080001db   Thumb Code     0  startup_stm32f103xb.o(.text)
    CAN1_SCE_IRQHandler                      0x080001db   Thumb Code     0  startup_stm32f103xb.o(.text)
    DMA1_Channel1_IRQHandler                 0x080001db   Thumb Code     0  startup_stm32f103xb.o(.text)
    DMA1_Channel2_IRQHandler                 0x080001db   Thumb Code     0  startup_stm32f103xb.o(.text)
    DMA1_Channel3_IRQHandler                 0x080001db   Thumb Code     0  startup_stm32f103xb.o(.text)
    DMA1_Channel4_IRQHandler                 0x080001db   Thumb Code     0  startup_stm32f103xb.o(.text)
    DMA1_Channel5_IRQHandler                 0x080001db   Thumb Code     0  startup_stm32f103xb.o(.text)
    DMA1_Channel6_IRQHandler                 0x080001db   Thumb Code     0  startup_stm32f103xb.o(.text)
    DMA1_Channel7_IRQHandler                 0x080001db   Thumb Code     0  startup_stm32f103xb.o(.text)
    EXTI0_IRQHandler                         0x080001db   Thumb Code     0  startup_stm32f103xb.o(.text)
    EXTI15_10_IRQHandler                     0x080001db   Thumb Code     0  startup_stm32f103xb.o(.text)
    EXTI1_IRQHandler                         0x080001db   Thumb Code     0  startup_stm32f103xb.o(.text)
    FLASH_IRQHandler                         0x080001db   Thumb Code     0  startup_stm32f103xb.o(.text)
    I2C1_ER_IRQHandler                       0x080001db   Thumb Code     0  startup_stm32f103xb.o(.text)
    I2C1_EV_IRQHandler                       0x080001db   Thumb Code     0  startup_stm32f103xb.o(.text)
    I2C2_ER_IRQHandler                       0x080001db   Thumb Code     0  startup_stm32f103xb.o(.text)
    I2C2_EV_IRQHandler                       0x080001db   Thumb Code     0  startup_stm32f103xb.o(.text)
    PVD_IRQHandler                           0x080001db   Thumb Code     0  startup_stm32f103xb.o(.text)
    RCC_IRQHandler                           0x080001db   Thumb Code     0  startup_stm32f103xb.o(.text)
    RTC_Alarm_IRQHandler                     0x080001db   Thumb Code     0  startup_stm32f103xb.o(.text)
    RTC_IRQHandler                           0x080001db   Thumb Code     0  startup_stm32f103xb.o(.text)
    SPI1_IRQHandler                          0x080001db   Thumb Code     0  startup_stm32f103xb.o(.text)
    SPI2_IRQHandler                          0x080001db   Thumb Code     0  startup_stm32f103xb.o(.text)
    TAMPER_IRQHandler                        0x080001db   Thumb Code     0  startup_stm32f103xb.o(.text)
    TIM1_BRK_IRQHandler                      0x080001db   Thumb Code     0  startup_stm32f103xb.o(.text)
    TIM1_CC_IRQHandler                       0x080001db   Thumb Code     0  startup_stm32f103xb.o(.text)
    TIM1_TRG_COM_IRQHandler                  0x080001db   Thumb Code     0  startup_stm32f103xb.o(.text)
    TIM1_UP_IRQHandler                       0x080001db   Thumb Code     0  startup_stm32f103xb.o(.text)
    TIM2_IRQHandler                          0x080001db   Thumb Code     0  startup_stm32f103xb.o(.text)
    TIM4_IRQHandler                          0x080001db   Thumb Code     0  startup_stm32f103xb.o(.text)
    USART1_IRQHandler                        0x080001db   Thumb Code     0  startup_stm32f103xb.o(.text)
    USART2_IRQHandler                        0x080001db   Thumb Code     0  startup_stm32f103xb.o(.text)
    USART3_IRQHandler                        0x080001db   Thumb Code     0  startup_stm32f103xb.o(.text)
    USBWakeUp_IRQHandler                     0x080001db   Thumb Code     0  startup_stm32f103xb.o(.text)
    USB_HP_CAN1_TX_IRQHandler                0x080001db   Thumb Code     0  startup_stm32f103xb.o(.text)
    USB_LP_CAN1_RX0_IRQHandler               0x080001db   Thumb Code     0  startup_stm32f103xb.o(.text)
    WWDG_IRQHandler                          0x080001db   Thumb Code     0  startup_stm32f103xb.o(.text)
    __user_initial_stackheap                 0x080001dd   Thumb Code     0  startup_stm32f103xb.o(.text)
    srand                                    0x08000201   Thumb Code    42  rand.o(.text)
    _rand_init                               0x0800022b   Thumb Code     4  rand.o(.text)
    __use_two_region_memory                  0x0800023d   Thumb Code     2  heapauxi.o(.text)
    __rt_heap_escrow$2region                 0x0800023f   Thumb Code     2  heapauxi.o(.text)
    __rt_heap_expand$2region                 0x08000241   Thumb Code     2  heapauxi.o(.text)
    __user_setup_stackheap                   0x08000243   Thumb Code    74  sys_stackheap_outer.o(.text)
    exit                                     0x0800028d   Thumb Code    18  exit.o(.text)
    __user_libspace                          0x080002a1   Thumb Code     8  libspace.o(.text)
    __user_perproc_libspace                  0x080002a1   Thumb Code     0  libspace.o(.text)
    __user_perthread_libspace                0x080002a1   Thumb Code     0  libspace.o(.text)
    __I$use$semihosting                      0x080002a9   Thumb Code     0  use_no_semi.o(.text)
    __use_no_semihosting_swi                 0x080002a9   Thumb Code     2  use_no_semi.o(.text)
    __semihosting_library_function           0x080002ab   Thumb Code     0  indicate_semi.o(.text)
    _sys_exit                                0x080002ad   Thumb Code     8  sys_exit.o(.text)
    BusFault_Handler                         0x080002b9   Thumb Code     2  stm32f1xx_it.o(.text.BusFault_Handler)
    DebugMon_Handler                         0x080002bb   Thumb Code     2  stm32f1xx_it.o(.text.DebugMon_Handler)
    EXTI2_IRQHandler                         0x080002bd   Thumb Code     6  stm32f1xx_it.o(.text.EXTI2_IRQHandler)
    EXTI3_IRQHandler                         0x080002c3   Thumb Code     6  stm32f1xx_it.o(.text.EXTI3_IRQHandler)
    EXTI4_IRQHandler                         0x080002c9   Thumb Code     6  stm32f1xx_it.o(.text.EXTI4_IRQHandler)
    EXTI9_5_IRQHandler                       0x080002cf   Thumb Code     6  stm32f1xx_it.o(.text.EXTI9_5_IRQHandler)
    Error_Handler                            0x080002d5   Thumb Code     2  main.o(.text.Error_Handler)
    HAL_GPIO_EXTI_Callback                   0x080002d9   Thumb Code    16  main.o(.text.HAL_GPIO_EXTI_Callback)
    HAL_GPIO_EXTI_IRQHandler                 0x080002e9   Thumb Code    20  stm32f1xx_hal_gpio.o(.text.HAL_GPIO_EXTI_IRQHandler)
    HAL_GPIO_Init                            0x080002fd   Thumb Code   416  stm32f1xx_hal_gpio.o(.text.HAL_GPIO_Init)
    HAL_GPIO_WritePin                        0x0800049d   Thumb Code    10  stm32f1xx_hal_gpio.o(.text.HAL_GPIO_WritePin)
    HAL_GetTick                              0x080004a9   Thumb Code    12  stm32f1xx_hal.o(.text.HAL_GetTick)
    HAL_I2C_Init                             0x080004b1   Thumb Code   388  stm32f1xx_hal_i2c.o(.text.HAL_I2C_Init)
    HAL_I2C_Master_Transmit                  0x08000635   Thumb Code   416  stm32f1xx_hal_i2c.o(.text.HAL_I2C_Master_Transmit)
    HAL_I2C_MspInit                          0x080007d5   Thumb Code    96  i2c.o(.text.HAL_I2C_MspInit)
    HAL_IncTick                              0x08000831   Thumb Code    24  stm32f1xx_hal.o(.text.HAL_IncTick)
    HAL_Init                                 0x08000845   Thumb Code    36  stm32f1xx_hal.o(.text.HAL_Init)
    HAL_InitTick                             0x08000865   Thumb Code    64  stm32f1xx_hal.o(.text.HAL_InitTick)
    HAL_MspInit                              0x080008a1   Thumb Code    64  stm32f1xx_hal_msp.o(.text.HAL_MspInit)
    HAL_NVIC_EnableIRQ                       0x080008e1   Thumb Code    28  stm32f1xx_hal_cortex.o(.text.HAL_NVIC_EnableIRQ)
    HAL_NVIC_SetPriority                     0x080008fd   Thumb Code    64  stm32f1xx_hal_cortex.o(.text.HAL_NVIC_SetPriority)
    HAL_NVIC_SetPriorityGrouping             0x08000939   Thumb Code    32  stm32f1xx_hal_cortex.o(.text.HAL_NVIC_SetPriorityGrouping)
    HAL_RCC_ClockConfig                      0x08000959   Thumb Code   324  stm32f1xx_hal_rcc.o(.text.HAL_RCC_ClockConfig)
    HAL_RCC_GetPCLK1Freq                     0x08000a95   Thumb Code    32  stm32f1xx_hal_rcc.o(.text.HAL_RCC_GetPCLK1Freq)
    HAL_RCC_GetSysClockFreq                  0x08000ab1   Thumb Code    88  stm32f1xx_hal_rcc.o(.text.HAL_RCC_GetSysClockFreq)
    HAL_RCC_OscConfig                        0x08000b09   Thumb Code   804  stm32f1xx_hal_rcc.o(.text.HAL_RCC_OscConfig)
    HAL_SYSTICK_Config                       0x08000e2d   Thumb Code    40  stm32f1xx_hal_cortex.o(.text.HAL_SYSTICK_Config)
    HAL_TIMEx_BreakCallback                  0x08000e55   Thumb Code     2  stm32f1xx_hal_tim_ex.o(.text.HAL_TIMEx_BreakCallback)
    HAL_TIMEx_CommutCallback                 0x08000e57   Thumb Code     2  stm32f1xx_hal_tim_ex.o(.text.HAL_TIMEx_CommutCallback)
    HAL_TIMEx_MasterConfigSynchronization    0x08000e59   Thumb Code   108  stm32f1xx_hal_tim_ex.o(.text.HAL_TIMEx_MasterConfigSynchronization)
    HAL_TIM_Base_Init                        0x08000ec1   Thumb Code    88  stm32f1xx_hal_tim.o(.text.HAL_TIM_Base_Init)
    HAL_TIM_Base_MspInit                     0x08000f19   Thumb Code    60  tim.o(.text.HAL_TIM_Base_MspInit)
    HAL_TIM_ConfigClockSource                0x08000f51   Thumb Code   272  stm32f1xx_hal_tim.o(.text.HAL_TIM_ConfigClockSource)
    HAL_TIM_IC_CaptureCallback               0x08001061   Thumb Code     2  stm32f1xx_hal_tim.o(.text.HAL_TIM_IC_CaptureCallback)
    HAL_TIM_IRQHandler                       0x08001063   Thumb Code   362  stm32f1xx_hal_tim.o(.text.HAL_TIM_IRQHandler)
    HAL_TIM_OC_DelayElapsedCallback          0x080011cd   Thumb Code     2  stm32f1xx_hal_tim.o(.text.HAL_TIM_OC_DelayElapsedCallback)
    HAL_TIM_PWM_PulseFinishedCallback        0x080011cf   Thumb Code     2  stm32f1xx_hal_tim.o(.text.HAL_TIM_PWM_PulseFinishedCallback)
    HAL_TIM_PeriodElapsedCallback            0x080011d1   Thumb Code    28  main.o(.text.HAL_TIM_PeriodElapsedCallback)
    HAL_TIM_TriggerCallback                  0x080011ed   Thumb Code     2  stm32f1xx_hal_tim.o(.text.HAL_TIM_TriggerCallback)
    HardFault_Handler                        0x080011ef   Thumb Code     2  stm32f1xx_it.o(.text.HardFault_Handler)
    MX_GPIO_Init                             0x080013c9   Thumb Code   188  gpio.o(.text.MX_GPIO_Init)
    MX_I2C2_Init                             0x08001485   Thumb Code    64  i2c.o(.text.MX_I2C2_Init)
    MX_TIM3_Init                             0x080014c5   Thumb Code   104  tim.o(.text.MX_TIM3_Init)
    MemManage_Handler                        0x08001529   Thumb Code     2  stm32f1xx_it.o(.text.MemManage_Handler)
    NMI_Handler                              0x0800152b   Thumb Code     2  stm32f1xx_it.o(.text.NMI_Handler)
    PendSV_Handler                           0x0800152d   Thumb Code     2  stm32f1xx_it.o(.text.PendSV_Handler)
    SSD1306_DrawFilledCircle                 0x08001531   Thumb Code   296  ssd1306.o(.text.SSD1306_DrawFilledCircle)
    SSD1306_DrawLine                         0x08001659   Thumb Code   274  ssd1306.o(.text.SSD1306_DrawLine)
    SSD1306_DrawPixel                        0x0800176d   Thumb Code    84  ssd1306.o(.text.SSD1306_DrawPixel)
    SSD1306_UpdateScreen                     0x080017bd   Thumb Code    68  ssd1306.o(.text.SSD1306_UpdateScreen)
    SVC_Handler                              0x08001801   Thumb Code     2  stm32f1xx_it.o(.text.SVC_Handler)
    SysTick_Handler                          0x08001803   Thumb Code     4  stm32f1xx_it.o(.text.SysTick_Handler)
    SystemClock_Config                       0x08001807   Thumb Code    74  main.o(.text.SystemClock_Config)
    SystemInit                               0x08001851   Thumb Code     2  system_stm32f1xx.o(.text.SystemInit)
    TIM3_IRQHandler                          0x08001855   Thumb Code    12  stm32f1xx_it.o(.text.TIM3_IRQHandler)
    TIM_Base_SetConfig                       0x08001861   Thumb Code    92  stm32f1xx_hal_tim.o(.text.TIM_Base_SetConfig)
    UsageFault_Handler                       0x08001901   Thumb Code     2  stm32f1xx_it.o(.text.UsageFault_Handler)
    game_init                                0x08001929   Thumb Code   120  snake.o(.text.game_init)
    gameover                                 0x0800199d   Thumb Code     2  snake.o(.text.gameover)
    information                              0x0800199f   Thumb Code     2  snake.o(.text.information)
    ingame                                   0x080019a1   Thumb Code   168  snake.o(.text.ingame)
    main                                     0x08001a45   Thumb Code    96  main.o(.text.main)
    menu                                     0x08001aa5   Thumb Code     2  snake.o(.text.menu)
    setting                                  0x08001aa7   Thumb Code     2  snake.o(.text.setting)
    snake_create_new_apple                   0x08001aa9   Thumb Code    42  snake.o(.text.snake_create_new_apple)
    snake_draw                               0x08001ad3   Thumb Code    80  snake.o(.text.snake_draw)
    snake_follow_head                        0x08001b25   Thumb Code    36  snake.o(.text.snake_follow_head)
    snake_go                                 0x08001b45   Thumb Code   140  snake.o(.text.snake_go)
    ssd1306_I2C_Init                         0x08001bd1   Thumb Code     2  ssd1306.o(.text.ssd1306_I2C_Init)
    ssd1306_I2C_Write                        0x08001bd5   Thumb Code    36  ssd1306.o(.text.ssd1306_I2C_Write)
    ssd1306_I2C_WriteMulti                   0x08001bf5   Thumb Code    60  ssd1306.o(.text.ssd1306_I2C_WriteMulti)
    AHBPrescTable                            0x08001c30   Data          16  system_stm32f1xx.o(.rodata.AHBPrescTable)
    APBPrescTable                            0x08001c40   Data           8  system_stm32f1xx.o(.rodata.APBPrescTable)
    Region$$Table$$Base                      0x08001c48   Number         0  anon$$obj.o(Region$$Table)
    Region$$Table$$Limit                     0x08001c68   Number         0  anon$$obj.o(Region$$Table)
    uwTickFreq                               0x20000000   Data           1  stm32f1xx_hal.o(.data..L_MergedGlobals)
    uwTickPrio                               0x20000004   Data           4  stm32f1xx_hal.o(.data..L_MergedGlobals)
    SystemCoreClock                          0x20000008   Data           4  system_stm32f1xx.o(.data.SystemCoreClock)
    _random_number_data                      0x20000010   Data         228  rand.o(.bss)
    __libspace_start                         0x200000f4   Data          96  libspace.o(.bss)
    __temporary_stack_top$libspace           0x20000154   Data           0  libspace.o(.bss)
    game_state                               0x20000558   Data           1  main.o(.bss.game_state)
    hi2c2                                    0x2000055c   Data          84  i2c.o(.bss.hi2c2)
    htim3                                    0x200005b0   Data          72  tim.o(.bss.htim3)
    snake                                    0x200005f8   Data         808  main.o(.bss.snake)
    timer_flag                               0x20000920   Data           4  main.o(.bss.timer_flag)
    uwTick                                   0x20000924   Data           4  stm32f1xx_hal.o(.bss.uwTick)



==============================================================================

Memory Map of the image

  Image Entry point : 0x080000ed

  Load Region LR_IROM1 (Base: 0x08000000, Size: 0x00001c78, Max: 0x00010000, ABSOLUTE)

    Execution Region ER_IROM1 (Exec base: 0x08000000, Load base: 0x08000000, Size: 0x00001c68, Max: 0x00010000, ABSOLUTE)

    Exec Addr    Load Addr    Size         Type   Attr      Idx    E Section Name        Object

    0x08000000   0x08000000   0x000000ec   Data   RO            3    RESET               startup_stm32f103xb.o
    0x080000ec   0x080000ec   0x00000008   Code   RO         1151  * !!!main             c_w.l(__main.o)
    0x080000f4   0x080000f4   0x00000034   Code   RO         1314    !!!scatter          c_w.l(__scatter.o)
    0x08000128   0x08000128   0x0000001a   Code   RO         1316    !!handler_copy      c_w.l(__scatter_copy.o)
    0x08000142   0x08000142   0x00000002   PAD
    0x08000144   0x08000144   0x0000001c   Code   RO         1318    !!handler_zi        c_w.l(__scatter_zi.o)
    0x08000160   0x08000160   0x00000002   Code   RO         1231    .ARM.Collect$$libinit$$00000000  c_w.l(libinit.o)
    0x08000162   0x08000162   0x00000000   Code   RO         1155    .ARM.Collect$$libinit$$00000002  c_w.l(libinit2.o)
    0x08000162   0x08000162   0x00000000   Code   RO         1157    .ARM.Collect$$libinit$$00000004  c_w.l(libinit2.o)
    0x08000162   0x08000162   0x00000000   Code   RO         1160    .ARM.Collect$$libinit$$0000000A  c_w.l(libinit2.o)
    0x08000162   0x08000162   0x00000000   Code   RO         1162    .ARM.Collect$$libinit$$0000000C  c_w.l(libinit2.o)
    0x08000162   0x08000162   0x00000004   Code   RO         1163    .ARM.Collect$$libinit$$0000000D  c_w.l(libinit2.o)
    0x08000166   0x08000166   0x00000000   Code   RO         1164    .ARM.Collect$$libinit$$0000000E  c_w.l(libinit2.o)
    0x08000166   0x08000166   0x00000000   Code   RO         1167    .ARM.Collect$$libinit$$00000011  c_w.l(libinit2.o)
    0x08000166   0x08000166   0x00000000   Code   RO         1169    .ARM.Collect$$libinit$$00000013  c_w.l(libinit2.o)
    0x08000166   0x08000166   0x00000000   Code   RO         1171    .ARM.Collect$$libinit$$00000015  c_w.l(libinit2.o)
    0x08000166   0x08000166   0x00000000   Code   RO         1173    .ARM.Collect$$libinit$$00000017  c_w.l(libinit2.o)
    0x08000166   0x08000166   0x00000000   Code   RO         1175    .ARM.Collect$$libinit$$00000019  c_w.l(libinit2.o)
    0x08000166   0x08000166   0x00000000   Code   RO         1177    .ARM.Collect$$libinit$$0000001B  c_w.l(libinit2.o)
    0x08000166   0x08000166   0x00000000   Code   RO         1179    .ARM.Collect$$libinit$$0000001D  c_w.l(libinit2.o)
    0x08000166   0x08000166   0x00000000   Code   RO         1181    .ARM.Collect$$libinit$$0000001F  c_w.l(libinit2.o)
    0x08000166   0x08000166   0x00000000   Code   RO         1183    .ARM.Collect$$libinit$$00000021  c_w.l(libinit2.o)
    0x08000166   0x08000166   0x00000000   Code   RO         1185    .ARM.Collect$$libinit$$00000023  c_w.l(libinit2.o)
    0x08000166   0x08000166   0x00000000   Code   RO         1187    .ARM.Collect$$libinit$$00000025  c_w.l(libinit2.o)
    0x08000166   0x08000166   0x00000000   Code   RO         1191    .ARM.Collect$$libinit$$0000002C  c_w.l(libinit2.o)
    0x08000166   0x08000166   0x00000000   Code   RO         1193    .ARM.Collect$$libinit$$0000002E  c_w.l(libinit2.o)
    0x08000166   0x08000166   0x00000000   Code   RO         1195    .ARM.Collect$$libinit$$00000030  c_w.l(libinit2.o)
    0x08000166   0x08000166   0x00000000   Code   RO         1197    .ARM.Collect$$libinit$$00000032  c_w.l(libinit2.o)
    0x08000166   0x08000166   0x00000002   Code   RO         1198    .ARM.Collect$$libinit$$00000033  c_w.l(libinit2.o)
    0x08000168   0x08000168   0x00000002   Code   RO         1273    .ARM.Collect$$libshutdown$$00000000  c_w.l(libshutdown.o)
    0x0800016a   0x0800016a   0x00000000   Code   RO         1281    .ARM.Collect$$libshutdown$$00000002  c_w.l(libshutdown2.o)
    0x0800016a   0x0800016a   0x00000000   Code   RO         1283    .ARM.Collect$$libshutdown$$00000004  c_w.l(libshutdown2.o)
    0x0800016a   0x0800016a   0x00000000   Code   RO         1286    .ARM.Collect$$libshutdown$$00000007  c_w.l(libshutdown2.o)
    0x0800016a   0x0800016a   0x00000000   Code   RO         1289    .ARM.Collect$$libshutdown$$0000000A  c_w.l(libshutdown2.o)
    0x0800016a   0x0800016a   0x00000000   Code   RO         1291    .ARM.Collect$$libshutdown$$0000000C  c_w.l(libshutdown2.o)
    0x0800016a   0x0800016a   0x00000000   Code   RO         1294    .ARM.Collect$$libshutdown$$0000000F  c_w.l(libshutdown2.o)
    0x0800016a   0x0800016a   0x00000002   Code   RO         1295    .ARM.Collect$$libshutdown$$00000010  c_w.l(libshutdown2.o)
    0x0800016c   0x0800016c   0x00000000   Code   RO         1153    .ARM.Collect$$rtentry$$00000000  c_w.l(__rtentry.o)
    0x0800016c   0x0800016c   0x00000000   Code   RO         1200    .ARM.Collect$$rtentry$$00000002  c_w.l(__rtentry2.o)
    0x0800016c   0x0800016c   0x00000006   Code   RO         1212    .ARM.Collect$$rtentry$$00000004  c_w.l(__rtentry4.o)
    0x08000172   0x08000172   0x00000000   Code   RO         1202    .ARM.Collect$$rtentry$$00000009  c_w.l(__rtentry2.o)
    0x08000172   0x08000172   0x00000004   Code   RO         1203    .ARM.Collect$$rtentry$$0000000A  c_w.l(__rtentry2.o)
    0x08000176   0x08000176   0x00000000   Code   RO         1205    .ARM.Collect$$rtentry$$0000000C  c_w.l(__rtentry2.o)
    0x08000176   0x08000176   0x00000008   Code   RO         1206    .ARM.Collect$$rtentry$$0000000D  c_w.l(__rtentry2.o)
    0x0800017e   0x0800017e   0x00000002   Code   RO         1239    .ARM.Collect$$rtexit$$00000000  c_w.l(rtexit.o)
    0x08000180   0x08000180   0x00000000   Code   RO         1251    .ARM.Collect$$rtexit$$00000002  c_w.l(rtexit2.o)
    0x08000180   0x08000180   0x00000004   Code   RO         1252    .ARM.Collect$$rtexit$$00000003  c_w.l(rtexit2.o)
    0x08000184   0x08000184   0x00000006   Code   RO         1253    .ARM.Collect$$rtexit$$00000004  c_w.l(rtexit2.o)
    0x0800018a   0x0800018a   0x00000002   PAD
    0x0800018c   0x0800018c   0x00000034   Code   RO         1138    .emb_text           c_w.l(rand.o)
    0x080001c0   0x080001c0   0x00000040   Code   RO            4    .text               startup_stm32f103xb.o
    0x08000200   0x08000200   0x0000003c   Code   RO         1139    .text               c_w.l(rand.o)
    0x0800023c   0x0800023c   0x00000006   Code   RO         1149    .text               c_w.l(heapauxi.o)
    0x08000242   0x08000242   0x0000004a   Code   RO         1218    .text               c_w.l(sys_stackheap_outer.o)
    0x0800028c   0x0800028c   0x00000012   Code   RO         1220    .text               c_w.l(exit.o)
    0x0800029e   0x0800029e   0x00000002   PAD
    0x080002a0   0x080002a0   0x00000008   Code   RO         1236    .text               c_w.l(libspace.o)
    0x080002a8   0x080002a8   0x00000002   Code   RO         1247    .text               c_w.l(use_no_semi.o)
    0x080002aa   0x080002aa   0x00000000   Code   RO         1249    .text               c_w.l(indicate_semi.o)
    0x080002aa   0x080002aa   0x00000002   PAD
    0x080002ac   0x080002ac   0x0000000c   Code   RO         1263    .text               c_w.l(sys_exit.o)
    0x080002b8   0x080002b8   0x00000002   Code   RO           83    .text.BusFault_Handler  stm32f1xx_it.o
    0x080002ba   0x080002ba   0x00000002   Code   RO           89    .text.DebugMon_Handler  stm32f1xx_it.o
    0x080002bc   0x080002bc   0x00000006   Code   RO           95    .text.EXTI2_IRQHandler  stm32f1xx_it.o
    0x080002c2   0x080002c2   0x00000006   Code   RO           97    .text.EXTI3_IRQHandler  stm32f1xx_it.o
    0x080002c8   0x080002c8   0x00000006   Code   RO           99    .text.EXTI4_IRQHandler  stm32f1xx_it.o
    0x080002ce   0x080002ce   0x00000006   Code   RO          101    .text.EXTI9_5_IRQHandler  stm32f1xx_it.o
    0x080002d4   0x080002d4   0x00000002   Code   RO           19    .text.Error_Handler  main.o
    0x080002d6   0x080002d6   0x00000002   PAD
    0x080002d8   0x080002d8   0x00000010   Code   RO           13    .text.HAL_GPIO_EXTI_Callback  main.o
    0x080002e8   0x080002e8   0x00000014   Code   RO          559    .text.HAL_GPIO_EXTI_IRQHandler  stm32f1xx_hal_gpio.o
    0x080002fc   0x080002fc   0x000001a0   Code   RO          547    .text.HAL_GPIO_Init  stm32f1xx_hal_gpio.o
    0x0800049c   0x0800049c   0x0000000a   Code   RO          553    .text.HAL_GPIO_WritePin  stm32f1xx_hal_gpio.o
    0x080004a6   0x080004a6   0x00000002   PAD
    0x080004a8   0x080004a8   0x00000008   Code   RO          446    .text.HAL_GetTick   stm32f1xx_hal.o
    0x080004b0   0x080004b0   0x00000184   Code   RO          301    .text.HAL_I2C_Init  stm32f1xx_hal_i2c.o
    0x08000634   0x08000634   0x000001a0   Code   RO          309    .text.HAL_I2C_Master_Transmit  stm32f1xx_hal_i2c.o
    0x080007d4   0x080007d4   0x0000005c   Code   RO           47    .text.HAL_I2C_MspInit  i2c.o
    0x08000830   0x08000830   0x00000014   Code   RO          444    .text.HAL_IncTick   stm32f1xx_hal.o
    0x08000844   0x08000844   0x00000020   Code   RO          434    .text.HAL_Init      stm32f1xx_hal.o
    0x08000864   0x08000864   0x0000003c   Code   RO          436    .text.HAL_InitTick  stm32f1xx_hal.o
    0x080008a0   0x080008a0   0x00000040   Code   RO          113    .text.HAL_MspInit   stm32f1xx_hal_msp.o
    0x080008e0   0x080008e0   0x0000001c   Code   RO          613    .text.HAL_NVIC_EnableIRQ  stm32f1xx_hal_cortex.o
    0x080008fc   0x080008fc   0x0000003c   Code   RO          609    .text.HAL_NVIC_SetPriority  stm32f1xx_hal_cortex.o
    0x08000938   0x08000938   0x00000020   Code   RO          607    .text.HAL_NVIC_SetPriorityGrouping  stm32f1xx_hal_cortex.o
    0x08000958   0x08000958   0x0000013c   Code   RO          499    .text.HAL_RCC_ClockConfig  stm32f1xx_hal_rcc.o
    0x08000a94   0x08000a94   0x0000001c   Code   RO          511    .text.HAL_RCC_GetPCLK1Freq  stm32f1xx_hal_rcc.o
    0x08000ab0   0x08000ab0   0x00000058   Code   RO          501    .text.HAL_RCC_GetSysClockFreq  stm32f1xx_hal_rcc.o
    0x08000b08   0x08000b08   0x00000324   Code   RO          497    .text.HAL_RCC_OscConfig  stm32f1xx_hal_rcc.o
    0x08000e2c   0x08000e2c   0x00000028   Code   RO          621    .text.HAL_SYSTICK_Config  stm32f1xx_hal_cortex.o
    0x08000e54   0x08000e54   0x00000002   Code   RO         1104    .text.HAL_TIMEx_BreakCallback  stm32f1xx_hal_tim_ex.o
    0x08000e56   0x08000e56   0x00000002   Code   RO         1100    .text.HAL_TIMEx_CommutCallback  stm32f1xx_hal_tim_ex.o
    0x08000e58   0x08000e58   0x00000068   Code   RO         1094    .text.HAL_TIMEx_MasterConfigSynchronization  stm32f1xx_hal_tim_ex.o
    0x08000ec0   0x08000ec0   0x00000058   Code   RO          785    .text.HAL_TIM_Base_Init  stm32f1xx_hal_tim.o
    0x08000f18   0x08000f18   0x00000038   Code   RO           63    .text.HAL_TIM_Base_MspInit  tim.o
    0x08000f50   0x08000f50   0x00000110   Code   RO          973    .text.HAL_TIM_ConfigClockSource  stm32f1xx_hal_tim.o
    0x08001060   0x08001060   0x00000002   Code   RO          921    .text.HAL_TIM_IC_CaptureCallback  stm32f1xx_hal_tim.o
    0x08001062   0x08001062   0x0000016a   Code   RO          919    .text.HAL_TIM_IRQHandler  stm32f1xx_hal_tim.o
    0x080011cc   0x080011cc   0x00000002   Code   RO          923    .text.HAL_TIM_OC_DelayElapsedCallback  stm32f1xx_hal_tim.o
    0x080011ce   0x080011ce   0x00000002   Code   RO          925    .text.HAL_TIM_PWM_PulseFinishedCallback  stm32f1xx_hal_tim.o
    0x080011d0   0x080011d0   0x0000001c   Code   RO           11    .text.HAL_TIM_PeriodElapsedCallback  main.o
    0x080011ec   0x080011ec   0x00000002   Code   RO          929    .text.HAL_TIM_TriggerCallback  stm32f1xx_hal_tim.o
    0x080011ee   0x080011ee   0x00000002   Code   RO           79    .text.HardFault_Handler  stm32f1xx_it.o
    0x080011f0   0x080011f0   0x00000030   Code   RO          423    .text.I2C_IsAcknowledgeFailed  stm32f1xx_hal_i2c.o
    0x08001220   0x08001220   0x0000004e   Code   RO          315    .text.I2C_WaitOnBTFFlagUntilTimeout  stm32f1xx_hal_i2c.o
    0x0800126e   0x0800126e   0x00000076   Code   RO          311    .text.I2C_WaitOnFlagUntilTimeout  stm32f1xx_hal_i2c.o
    0x080012e4   0x080012e4   0x00000096   Code   RO          421    .text.I2C_WaitOnMasterAddressFlagUntilTimeout  stm32f1xx_hal_i2c.o
    0x0800137a   0x0800137a   0x0000004e   Code   RO          313    .text.I2C_WaitOnTXEFlagUntilTimeout  stm32f1xx_hal_i2c.o
    0x080013c8   0x080013c8   0x000000bc   Code   RO           34    .text.MX_GPIO_Init  gpio.o
    0x08001484   0x08001484   0x00000040   Code   RO           45    .text.MX_I2C2_Init  i2c.o
    0x080014c4   0x080014c4   0x00000064   Code   RO           61    .text.MX_TIM3_Init  tim.o
    0x08001528   0x08001528   0x00000002   Code   RO           81    .text.MemManage_Handler  stm32f1xx_it.o
    0x0800152a   0x0800152a   0x00000002   Code   RO           77    .text.NMI_Handler   stm32f1xx_it.o
    0x0800152c   0x0800152c   0x00000002   Code   RO           91    .text.PendSV_Handler  stm32f1xx_it.o
    0x0800152e   0x0800152e   0x00000002   PAD
    0x08001530   0x08001530   0x00000128   Code   RO          243    .text.SSD1306_DrawFilledCircle  ssd1306.o
    0x08001658   0x08001658   0x00000112   Code   RO          231    .text.SSD1306_DrawLine  ssd1306.o
    0x0800176a   0x0800176a   0x00000002   PAD
    0x0800176c   0x0800176c   0x00000050   Code   RO          213    .text.SSD1306_DrawPixel  ssd1306.o
    0x080017bc   0x080017bc   0x00000044   Code   RO          219    .text.SSD1306_UpdateScreen  ssd1306.o
    0x08001800   0x08001800   0x00000002   Code   RO           87    .text.SVC_Handler   stm32f1xx_it.o
    0x08001802   0x08001802   0x00000004   Code   RO           93    .text.SysTick_Handler  stm32f1xx_it.o
    0x08001806   0x08001806   0x0000004a   Code   RO           17    .text.SystemClock_Config  main.o
    0x08001850   0x08001850   0x00000002   Code   RO         1119    .text.SystemInit    system_stm32f1xx.o
    0x08001852   0x08001852   0x00000002   PAD
    0x08001854   0x08001854   0x0000000c   Code   RO          103    .text.TIM3_IRQHandler  stm32f1xx_it.o
    0x08001860   0x08001860   0x0000005c   Code   RO          789    .text.TIM_Base_SetConfig  stm32f1xx_hal_tim.o
    0x080018bc   0x080018bc   0x00000022   Code   RO          975    .text.TIM_TI1_ConfigInputStage  stm32f1xx_hal_tim.o
    0x080018de   0x080018de   0x00000022   Code   RO          977    .text.TIM_TI2_ConfigInputStage  stm32f1xx_hal_tim.o
    0x08001900   0x08001900   0x00000002   Code   RO           85    .text.UsageFault_Handler  stm32f1xx_it.o
    0x08001902   0x08001902   0x00000002   PAD
    0x08001904   0x08001904   0x00000024   Code   RO          611    .text.__NVIC_SetPriority  stm32f1xx_hal_cortex.o
    0x08001928   0x08001928   0x00000074   Code   RO          166    .text.game_init     snake.o
    0x0800199c   0x0800199c   0x00000002   Code   RO          184    .text.gameover      snake.o
    0x0800199e   0x0800199e   0x00000002   Code   RO          180    .text.information   snake.o
    0x080019a0   0x080019a0   0x000000a4   Code   RO          168    .text.ingame        snake.o
    0x08001a44   0x08001a44   0x00000060   Code   RO           15    .text.main          main.o
    0x08001aa4   0x08001aa4   0x00000002   Code   RO          186    .text.menu          snake.o
    0x08001aa6   0x08001aa6   0x00000002   Code   RO          182    .text.setting       snake.o
    0x08001aa8   0x08001aa8   0x0000002a   Code   RO          170    .text.snake_create_new_apple  snake.o
    0x08001ad2   0x08001ad2   0x00000050   Code   RO          178    .text.snake_draw    snake.o
    0x08001b22   0x08001b22   0x00000002   PAD
    0x08001b24   0x08001b24   0x00000020   Code   RO          176    .text.snake_follow_head  snake.o
    0x08001b44   0x08001b44   0x0000008c   Code   RO          172    .text.snake_go      snake.o
    0x08001bd0   0x08001bd0   0x00000002   Code   RO          251    .text.ssd1306_I2C_Init  ssd1306.o
    0x08001bd2   0x08001bd2   0x00000002   PAD
    0x08001bd4   0x08001bd4   0x00000020   Code   RO          199    .text.ssd1306_I2C_Write  ssd1306.o
    0x08001bf4   0x08001bf4   0x0000003c   Code   RO          221    .text.ssd1306_I2C_WriteMulti  ssd1306.o
    0x08001c30   0x08001c30   0x00000010   Data   RO         1124    .rodata.AHBPrescTable  system_stm32f1xx.o
    0x08001c40   0x08001c40   0x00000008   Data   RO         1125    .rodata.APBPrescTable  system_stm32f1xx.o
    0x08001c48   0x08001c48   0x00000020   Data   RO         1313    Region$$Table       anon$$obj.o


    Execution Region RW_IRAM1 (Exec base: 0x20000000, Load base: 0x08001c68, Size: 0x00000f28, Max: 0x00005000, ABSOLUTE)

    Exec Addr    Load Addr    Size         Type   Attr      Idx    E Section Name        Object

    0x20000000   0x08001c68   0x00000008   Data   RW          485    .data..L_MergedGlobals  stm32f1xx_hal.o
    0x20000008   0x08001c70   0x00000004   Data   RW         1123    .data.SystemCoreClock  system_stm32f1xx.o
    0x2000000c   0x08001c74   0x00000004   PAD
    0x20000010        -       0x000000e4   Zero   RW         1140    .bss                c_w.l(rand.o)
    0x200000f4        -       0x00000060   Zero   RW         1237    .bss                c_w.l(libspace.o)
    0x20000154        -       0x00000001   Zero   RW          254    .bss.SSD1306.2      ssd1306.o
    0x20000155   0x08001c74   0x00000003   PAD
    0x20000158        -       0x00000400   Zero   RW          253    .bss.SSD1306_Buffer  ssd1306.o
    0x20000558        -       0x00000001   Zero   RW           23    .bss.game_state     main.o
    0x20000559   0x08001c74   0x00000003   PAD
    0x2000055c        -       0x00000054   Zero   RW           51    .bss.hi2c2          i2c.o
    0x200005b0        -       0x00000048   Zero   RW           67    .bss.htim3          tim.o
    0x200005f8        -       0x00000328   Zero   RW           22    .bss.snake          main.o
    0x20000920        -       0x00000004   Zero   RW           21    .bss.timer_flag     main.o
    0x20000924        -       0x00000004   Zero   RW          484    .bss.uwTick         stm32f1xx_hal.o
    0x20000928        -       0x00000200   Zero   RW            2    HEAP                startup_stm32f103xb.o
    0x20000b28        -       0x00000400   Zero   RW            1    STACK               startup_stm32f103xb.o


==============================================================================

Image component sizes


      Code (inc. data)   RO Data    RW Data    ZI Data      Debug   Object Name

       188         20          0          0          0       2641   gpio.o
       156         16          0          0         84       4309   i2c.o
       216         22          0          0        813       5342   main.o
       582         16          0          0          0       2660   snake.o
       812         24          0          0       1025      11513   ssd1306.o
        64         26        236          0       1536        800   startup_stm32f103xb.o
       120          8          0          8          4       5802   stm32f1xx_hal.o
       196         28          0          0          0       7858   stm32f1xx_hal_cortex.o
       446         60          0          0          0       4314   stm32f1xx_hal_gpio.o
      1276         24          0          0          0      36013   stm32f1xx_hal_i2c.o
        64          8          0          0          0       1202   stm32f1xx_hal_msp.o
      1236         68          0          0          0       6909   stm32f1xx_hal_rcc.o
       890         12          0          0          0      38810   stm32f1xx_hal_tim.o
       108          8          0          0          0      16381   stm32f1xx_hal_tim_ex.o
        56          4          0          0          0       1598   stm32f1xx_it.o
         2          0         24          4          0       1550   system_stm32f1xx.o
       156          8          0          0         72       5636   tim.o

    ----------------------------------------------------------------------
      6584        352        292         12       3544     153338   Object Totals
         0          0         32          0          0          0   (incl. Generated)
        16          0          0          0         10          0   (incl. Padding)

    ----------------------------------------------------------------------

      Code (inc. data)   RO Data    RW Data    ZI Data      Debug   Library Member Name

         8          0          0          0          0         68   __main.o
         0          0          0          0          0          0   __rtentry.o
        12          0          0          0          0          0   __rtentry2.o
         6          0          0          0          0          0   __rtentry4.o
        52          8          0          0          0          0   __scatter.o
        26          0          0          0          0          0   __scatter_copy.o
        28          0          0          0          0          0   __scatter_zi.o
        18          0          0          0          0         80   exit.o
         6          0          0          0          0        152   heapauxi.o
         0          0          0          0          0          0   indicate_semi.o
         2          0          0          0          0          0   libinit.o
         6          0          0          0          0          0   libinit2.o
         2          0          0          0          0          0   libshutdown.o
         2          0          0          0          0          0   libshutdown2.o
         8          4          0          0         96         68   libspace.o
       112         18          0          0        228        160   rand.o
         2          0          0          0          0          0   rtexit.o
        10          0          0          0          0          0   rtexit2.o
        12          4          0          0          0         68   sys_exit.o
        74          0          0          0          0         80   sys_stackheap_outer.o
         2          0          0          0          0         68   use_no_semi.o

    ----------------------------------------------------------------------
       396         34          0          0        324        744   Library Totals
         8          0          0          0          0          0   (incl. Padding)

    ----------------------------------------------------------------------

      Code (inc. data)   RO Data    RW Data    ZI Data      Debug   Library Name

       388         34          0          0        324        744   c_w.l

    ----------------------------------------------------------------------
       396         34          0          0        324        744   Library Totals

    ----------------------------------------------------------------------

==============================================================================


      Code (inc. data)   RO Data    RW Data    ZI Data      Debug   

      6980        386        292         12       3868     153630   Grand Totals
      6980        386        292         12       3868     153630   ELF Image Totals
      6980        386        292         12          0          0   ROM Totals

==============================================================================

    Total RO  Size (Code + RO Data)                 7272 (   7.10kB)
    Total RW  Size (RW Data + ZI Data)              3880 (   3.79kB)
    Total ROM Size (Code + RO Data + RW Data)       7284 (   7.11kB)

==============================================================================

